Archive member included because of file (symbol)

c:/winavr-20100110/bin/../lib/gcc/avr/4.3.3/../../../../avr/lib/avr5\libm.a(fixsfsi.o)
                              obj_gh60_lufa/common/mousekey.o (__fixsfsi)
c:/winavr-20100110/bin/../lib/gcc/avr/4.3.3/../../../../avr/lib/avr5\libm.a(fixunssfsi.o)
                              c:/winavr-20100110/bin/../lib/gcc/avr/4.3.3/../../../../avr/lib/avr5\libm.a(fixsfsi.o) (__fixunssfsi)
c:/winavr-20100110/bin/../lib/gcc/avr/4.3.3/../../../../avr/lib/avr5\libm.a(floatsisf.o)
                              obj_gh60_lufa/common/mousekey.o (__floatsisf)
c:/winavr-20100110/bin/../lib/gcc/avr/4.3.3/../../../../avr/lib/avr5\libm.a(fp_split3.o)
                              c:/winavr-20100110/bin/../lib/gcc/avr/4.3.3/../../../../avr/lib/avr5\libm.a(fixunssfsi.o) (__fp_splitA)
c:/winavr-20100110/bin/../lib/gcc/avr/4.3.3/../../../../avr/lib/avr5\libm.a(fp_zero.o)
                              c:/winavr-20100110/bin/../lib/gcc/avr/4.3.3/../../../../avr/lib/avr5\libm.a(fixunssfsi.o) (__fp_zero)
c:/winavr-20100110/bin/../lib/gcc/avr/4.3.3/../../../../avr/lib/avr5\libm.a(mulsf3.o)
                              obj_gh60_lufa/common/mousekey.o (__mulsf3)
c:/winavr-20100110/bin/../lib/gcc/avr/4.3.3/../../../../avr/lib/avr5\libm.a(mulsf3x.o)
                              c:/winavr-20100110/bin/../lib/gcc/avr/4.3.3/../../../../avr/lib/avr5\libm.a(mulsf3.o) (__mulsf3x)
c:/winavr-20100110/bin/../lib/gcc/avr/4.3.3/../../../../avr/lib/avr5\libm.a(fp_inf.o)
                              c:/winavr-20100110/bin/../lib/gcc/avr/4.3.3/../../../../avr/lib/avr5\libm.a(mulsf3x.o) (__fp_inf)
c:/winavr-20100110/bin/../lib/gcc/avr/4.3.3/../../../../avr/lib/avr5\libm.a(fp_nan.o)
                              c:/winavr-20100110/bin/../lib/gcc/avr/4.3.3/../../../../avr/lib/avr5\libm.a(mulsf3x.o) (__fp_nan)
c:/winavr-20100110/bin/../lib/gcc/avr/4.3.3/../../../../avr/lib/avr5\libm.a(fp_pscA.o)
                              c:/winavr-20100110/bin/../lib/gcc/avr/4.3.3/../../../../avr/lib/avr5\libm.a(mulsf3x.o) (__fp_pscA)
c:/winavr-20100110/bin/../lib/gcc/avr/4.3.3/../../../../avr/lib/avr5\libm.a(fp_pscB.o)
                              c:/winavr-20100110/bin/../lib/gcc/avr/4.3.3/../../../../avr/lib/avr5\libm.a(mulsf3x.o) (__fp_pscB)
c:/winavr-20100110/bin/../lib/gcc/avr/4.3.3/../../../../avr/lib/avr5\libm.a(fp_round.o)
                              c:/winavr-20100110/bin/../lib/gcc/avr/4.3.3/../../../../avr/lib/avr5\libm.a(mulsf3.o) (__fp_round)
c:/winavr-20100110/bin/../lib/gcc/avr/4.3.3/avr5\libgcc.a(_udivmodqi4.o)
                              obj_gh60_lufa/protocol/lufa/lufa.o (__udivmodqi4)
c:/winavr-20100110/bin/../lib/gcc/avr/4.3.3/avr5\libgcc.a(_divmodhi4.o)
                              obj_gh60_lufa/common/mousekey.o (__divmodhi4)
c:/winavr-20100110/bin/../lib/gcc/avr/4.3.3/avr5\libgcc.a(_exit.o)
                              c:/winavr-20100110/bin/../lib/gcc/avr/4.3.3/../../../../avr/lib/avr5/crtm32u4.o (exit)
c:/winavr-20100110/bin/../lib/gcc/avr/4.3.3/avr5\libgcc.a(_copy_data.o)
                              obj_gh60_lufa/matrix.o (__do_copy_data)
c:/winavr-20100110/bin/../lib/gcc/avr/4.3.3/avr5\libgcc.a(_clear_bss.o)
                              obj_gh60_lufa/keymap_poker.o (__do_clear_bss)
c:/winavr-20100110/bin/../lib/gcc/avr/4.3.3/avr5\libgcc.a(_udivmodhi4.o)
                              c:/winavr-20100110/bin/../lib/gcc/avr/4.3.3/avr5\libgcc.a(_divmodhi4.o) (__udivmodhi4)
c:/winavr-20100110/bin/../lib/gcc/avr/4.3.3/../../../../avr/lib/avr5\libc.a(eerd_byte_atmega32u4.o)
                              obj_gh60_lufa/protocol/lufa/LUFA-git/LUFA/Drivers/USB/Core/AVR8/EndpointStream_AVR8.o (__eerd_byte_m32u4)
c:/winavr-20100110/bin/../lib/gcc/avr/4.3.3/../../../../avr/lib/avr5\libc.a(eerd_word_atmega32u4.o)
                              obj_gh60_lufa/common/avr/eeconfig.o (__eerd_word_m32u4)
c:/winavr-20100110/bin/../lib/gcc/avr/4.3.3/../../../../avr/lib/avr5\libc.a(eeupd_byte_atmega32u4.o)
                              obj_gh60_lufa/protocol/lufa/LUFA-git/LUFA/Drivers/USB/Core/AVR8/EndpointStream_AVR8.o (__eeupd_byte_m32u4)
c:/winavr-20100110/bin/../lib/gcc/avr/4.3.3/../../../../avr/lib/avr5\libc.a(eewr_byte_atmega32u4.o)
                              obj_gh60_lufa/common/avr/eeconfig.o (__eewr_byte_m32u4)
c:/winavr-20100110/bin/../lib/gcc/avr/4.3.3/../../../../avr/lib/avr5\libc.a(eewr_word_atmega32u4.o)
                              obj_gh60_lufa/common/avr/eeconfig.o (__eewr_word_m32u4)
c:/winavr-20100110/bin/../lib/gcc/avr/4.3.3/../../../../avr/lib/avr5\libc.a(eerd_block_atmega32u4.o)
                              c:/winavr-20100110/bin/../lib/gcc/avr/4.3.3/../../../../avr/lib/avr5\libc.a(eerd_word_atmega32u4.o) (__eerd_blraw_m32u4)

Allocating common symbols
Common symbol       size              file

USB_IsInitialized   0x1               obj_gh60_lufa/protocol/lufa/LUFA-git/LUFA/Drivers/USB/Core/USBTask.o
keymap_config       0x1               obj_gh60_lufa/keymap_poker.o
[...]
Memory Configuration

Name             Origin             Length             Attributes
text             0x00000000         0x00020000         xr
data             0x00800060         0x0000ffa0         rw !x
eeprom           0x00810000         0x00010000         rw !x
fuse             0x00820000         0x00000400         rw !x
lock             0x00830000         0x00000400         rw !x
signature        0x00840000         0x00000400         rw !x
*default*        0x00000000         0xffffffff

Linker script and memory map

Address of section .data set to 0x800100
LOAD c:/winavr-20100110/bin/../lib/gcc/avr/4.3.3/../../../../avr/lib/avr5/crtm32u4.o
LOAD obj_gh60_lufa/keymap_poker.o
LOAD obj_gh60_lufa/keymap_common.o
LOAD obj_gh60_lufa/matrix.o
LOAD obj_gh60_lufa/led.o
LOAD obj_gh60_lufa/protocol/lufa/lufa.o
LOAD obj_gh60_lufa/protocol/lufa/descriptor.o
LOAD obj_gh60_lufa/protocol/lufa/LUFA-git/LUFA/Drivers/USB/Class/Common/HIDParser.o
LOAD obj_gh60_lufa/protocol/lufa/LUFA-git/LUFA/Drivers/USB/Core/AVR8/Device_AVR8.o
LOAD obj_gh60_lufa/protocol/lufa/LUFA-git/LUFA/Drivers/USB/Core/AVR8/EndpointStream_AVR8.o
LOAD obj_gh60_lufa/protocol/lufa/LUFA-git/LUFA/Drivers/USB/Core/AVR8/Endpoint_AVR8.o
LOAD obj_gh60_lufa/protocol/lufa/LUFA-git/LUFA/Drivers/USB/Core/AVR8/Host_AVR8.o
LOAD obj_gh60_lufa/protocol/lufa/LUFA-git/LUFA/Drivers/USB/Core/AVR8/PipeStream_AVR8.o
LOAD obj_gh60_lufa/protocol/lufa/LUFA-git/LUFA/Drivers/USB/Core/AVR8/Pipe_AVR8.o
LOAD obj_gh60_lufa/protocol/lufa/LUFA-git/LUFA/Drivers/USB/Core/AVR8/USBController_AVR8.o
LOAD obj_gh60_lufa/protocol/lufa/LUFA-git/LUFA/Drivers/USB/Core/AVR8/USBInterrupt_AVR8.o
LOAD obj_gh60_lufa/protocol/lufa/LUFA-git/LUFA/Drivers/USB/Core/ConfigDescriptors.o
LOAD obj_gh60_lufa/protocol/lufa/LUFA-git/LUFA/Drivers/USB/Core/DeviceStandardReq.o
LOAD obj_gh60_lufa/protocol/lufa/LUFA-git/LUFA/Drivers/USB/Core/Events.o
LOAD obj_gh60_lufa/protocol/lufa/LUFA-git/LUFA/Drivers/USB/Core/HostStandardReq.o
LOAD obj_gh60_lufa/protocol/lufa/LUFA-git/LUFA/Drivers/USB/Core/USBTask.o
LOAD obj_gh60_lufa/common/host.o
LOAD obj_gh60_lufa/common/keyboard.o
LOAD obj_gh60_lufa/common/action.o
LOAD obj_gh60_lufa/common/action_tapping.o
LOAD obj_gh60_lufa/common/action_macro.o
LOAD obj_gh60_lufa/common/action_layer.o
LOAD obj_gh60_lufa/common/action_util.o
LOAD obj_gh60_lufa/common/keymap.o
LOAD obj_gh60_lufa/common/print.o
LOAD obj_gh60_lufa/common/debug.o
LOAD obj_gh60_lufa/common/util.o
LOAD obj_gh60_lufa/common/avr/suspend.o
LOAD obj_gh60_lufa/common/avr/xprintf.o
LOAD obj_gh60_lufa/common/avr/timer.o
LOAD obj_gh60_lufa/common/avr/bootloader.o
LOAD obj_gh60_lufa/common/bootmagic.o
LOAD obj_gh60_lufa/common/avr/eeconfig.o
LOAD obj_gh60_lufa/common/mousekey.o
LOAD obj_gh60_lufa/common/command.o
LOAD c:/winavr-20100110/bin/../lib/gcc/avr/4.3.3/../../../../avr/lib/avr5\libm.a
LOAD c:/winavr-20100110/bin/../lib/gcc/avr/4.3.3/avr5\libgcc.a
LOAD c:/winavr-20100110/bin/../lib/gcc/avr/4.3.3/../../../../avr/lib/avr5\libc.a
LOAD c:/winavr-20100110/bin/../lib/gcc/avr/4.3.3/avr5\libgcc.a

.hash
 *(.hash)

.dynsym
 *(.dynsym)

.dynstr
 *(.dynstr)

.gnu.version
 *(.gnu.version)

.gnu.version_d
 *(.gnu.version_d)

.gnu.version_r
 *(.gnu.version_r)

.rel.init
 *(.rel.init)

.rela.init
 *(.rela.init)

.rel.text
 *(.rel.text)
 *(.rel.text.*)
 *(.rel.gnu.linkonce.t*)

.rela.text
 *(.rela.text)
 *(.rela.text.*)
 *(.rela.gnu.linkonce.t*)

.rel.fini
 *(.rel.fini)

.rela.fini
 *(.rela.fini)

.rel.rodata
 *(.rel.rodata)
 *(.rel.rodata.*)
 *(.rel.gnu.linkonce.r*)

.rela.rodata
 *(.rela.rodata)
 *(.rela.rodata.*)
 *(.rela.gnu.linkonce.r*)

.rel.data
 *(.rel.data)
 *(.rel.data.*)
 *(.rel.gnu.linkonce.d*)

.rela.data
 *(.rela.data)
 *(.rela.data.*)
 *(.rela.gnu.linkonce.d*)

.rel.ctors
 *(.rel.ctors)

.rela.ctors
 *(.rela.ctors)

.rel.dtors
 *(.rel.dtors)

.rela.dtors
 *(.rela.dtors)

.rel.got
 *(.rel.got)

.rela.got
 *(.rela.got)

.rel.bss
 *(.rel.bss)

.rela.bss
 *(.rela.bss)

.rel.plt
 *(.rel.plt)

.rela.plt
 *(.rela.plt)

.text           0x00000000     0x5bb0
 *(.vectors)
 .vectors       0x00000000       0xac c:/winavr-20100110/bin/../lib/gcc/avr/4.3.3/../../../../avr/lib/avr5/crtm32u4.o
                0x00000000                __vectors
                0x00000000                __vector_default
 *(.vectors)
 *(.progmem.gcc*)
 *(.progmem*)
 .progmem.data  0x000000ac      0x242 obj_gh60_lufa/keymap_poker.o
                0x000000ac                keymaps
                0x000002dc                fn_actions
 .progmem.data  0x000002ee       0x38 obj_gh60_lufa/matrix.o
 .progmem.data  0x00000326       0x3a obj_gh60_lufa/protocol/lufa/lufa.o
 .progmem.data  0x00000360      0x1de obj_gh60_lufa/protocol/lufa/descriptor.o
                0x00000360                KeyboardReport
                0x00000442                NKROReport
                0x00000422                ConsoleReport
                0x0000051e                ManufacturerString
                0x0000039f                MouseReport
                0x000003ec                ExtrakeyReport
                0x0000051a                LanguageString
                0x0000047b                DeviceDescriptor
                0x00000532                ProductString
                0x0000048d                ConfigurationDescriptor
 .progmem.data  0x0000053e       0x1a obj_gh60_lufa/common/host.o
 .progmem.data  0x00000558       0x1a obj_gh60_lufa/common/keyboard.o
 .progmem.data  0x00000572       0x3c obj_gh60_lufa/common/action_util.o
 .progmem.data  0x000005ae       0x1c obj_gh60_lufa/common/bootmagic.o
 .progmem.data  0x000005ca       0x4a obj_gh60_lufa/common/mousekey.o
 .progmem.data  0x00000614      0x739 obj_gh60_lufa/common/command.o
                0x00000d4e                . = ALIGN (0x2)
 *fill*         0x00000d4d        0x1 00
                0x00000d4e                __trampolines_start = .
 *(.trampolines)
 .trampolines   0x00000d4e        0x0 linker stubs
 *(.trampolines*)
                0x00000d4e                __trampolines_end = .
 *(.jumptables)
 *(.jumptables*)
 *(.lowtext)
 *(.lowtext*)
                0x00000d4e                __ctors_start = .
 *(.ctors)
                0x00000d4e                __ctors_end = .
                0x00000d4e                __dtors_start = .
 *(.dtors)
                0x00000d4e                __dtors_end = .
 SORT(*)(.ctors)
 SORT(*)(.dtors)
 *(.init0)
 .init0         0x00000d4e        0x0 c:/winavr-20100110/bin/../lib/gcc/avr/4.3.3/../../../../avr/lib/avr5/crtm32u4.o
                0x00000d4e                __init
 *(.init0)
 *(.init1)
 *(.init1)
 *(.init2)
 .init2         0x00000d4e        0xc c:/winavr-20100110/bin/../lib/gcc/avr/4.3.3/../../../../avr/lib/avr5/crtm32u4.o
 *(.init2)
 *(.init3)
 .init3         0x00000d5a       0x4e obj_gh60_lufa/common/avr/bootloader.o
                0x00000d5a                bootloader_jump_after_watchdog_reset
 *(.init3)
 *(.init4)
 .init4         0x00000da8       0x16 c:/winavr-20100110/bin/../lib/gcc/avr/4.3.3/avr5\libgcc.a(_copy_data.o)
                0x00000da8                __do_copy_data
 .init4         0x00000dbe       0x10 c:/winavr-20100110/bin/../lib/gcc/avr/4.3.3/avr5\libgcc.a(_clear_bss.o)
                0x00000dbe                __do_clear_bss
 *(.init4)
 *(.init5)
 *(.init5)
 *(.init6)
 *(.init6)
 *(.init7)
 *(.init7)
 *(.init8)
 *(.init8)
 *(.init9)
 .init9         0x00000dce        0x8 c:/winavr-20100110/bin/../lib/gcc/avr/4.3.3/../../../../avr/lib/avr5/crtm32u4.o
 *(.init9)
 *(.text)
 .text          0x00000dd6        0x4 c:/winavr-20100110/bin/../lib/gcc/avr/4.3.3/../../../../avr/lib/avr5/crtm32u4.o
                0x00000dd6                __vector_38
                0x00000dd6                __vector_22
                0x00000dd6                __vector_28
                0x00000dd6                __vector_1
                0x00000dd6                __vector_32
                0x00000dd6                __vector_34
                0x00000dd6                __vector_24
                0x00000dd6                __bad_interrupt
                0x00000dd6                __vector_6
                0x00000dd6                __vector_31
                0x00000dd6                __vector_35
                0x00000dd6                __vector_39
                0x00000dd6                __vector_3
                0x00000dd6                __vector_23
                0x00000dd6                __vector_30
                0x00000dd6                __vector_25
                0x00000dd6                __vector_13
                0x00000dd6                __vector_17
                0x00000dd6                __vector_19
                0x00000dd6                __vector_7
                0x00000dd6                __vector_41
                0x00000dd6                __vector_27
                0x00000dd6                __vector_5
                0x00000dd6                __vector_33
                0x00000dd6                __vector_37
                0x00000dd6                __vector_4
                0x00000dd6                __vector_9
                0x00000dd6                __vector_2
                0x00000dd6                __vector_15
                0x00000dd6                __vector_36
                0x00000dd6                __vector_29
                0x00000dd6                __vector_40
                0x00000dd6                __vector_8
                0x00000dd6                __vector_26
                0x00000dd6                __vector_14
                0x00000dd6                __vector_16
                0x00000dd6                __vector_18
                0x00000dd6                __vector_20
                0x00000dd6                __vector_42
 .text          0x00000dda      0x15c obj_gh60_lufa/common/avr/xprintf.o
                0x00000f24                __xprintf
                0x00000e00                xitoa
                0x00000df2                xputs
                0x00000dda                xputc
                0x00000f36                . = ALIGN (0x2)
 *(.text.*)
 .text.keymap_key_to_keycode
                0x00000f36       0x22 obj_gh60_lufa/keymap_common.o
                0x00000f36                keymap_key_to_keycode
 .text.keymap_fn_to_action
                0x00000f58       0x14 obj_gh60_lufa/keymap_common.o
                0x00000f58                keymap_fn_to_action
 .text.matrix_get_row
                0x00000f6c       0x12 obj_gh60_lufa/matrix.o
                0x00000f6c                matrix_get_row
 .text.unselect_rows
                0x00000f7e        0xe obj_gh60_lufa/matrix.o
 .text.matrix_init
                0x00000f8c       0x5a obj_gh60_lufa/matrix.o
                0x00000f8c                matrix_init
 .text.matrix_scan
                0x00000fe6      0x2f2 obj_gh60_lufa/matrix.o
                0x00000fe6                matrix_scan
 .text.matrix_print
                0x000012d8       0x9e obj_gh60_lufa/matrix.o
                0x000012d8                matrix_print
 .text.led_set  0x00001376        0xe obj_gh60_lufa/led.o
                0x00001376                led_set
 .text.EVENT_USB_Device_StartOfFrame
                0x00001384       0x80 obj_gh60_lufa/protocol/lufa/lufa.o
                0x00001384                EVENT_USB_Device_StartOfFrame
 .text.keyboard_leds
                0x00001404        0x6 obj_gh60_lufa/protocol/lufa/lufa.o
 .text.sendchar
                0x0000140a       0xce obj_gh60_lufa/protocol/lufa/lufa.o
                0x0000140a                sendchar
 .text.send_consumer
                0x000014d8       0x6c obj_gh60_lufa/protocol/lufa/lufa.o
 .text.send_system
                0x00001544       0x6c obj_gh60_lufa/protocol/lufa/lufa.o
 .text.send_mouse
                0x000015b0       0x4c obj_gh60_lufa/protocol/lufa/lufa.o
 .text.send_keyboard
                0x000015fc       0xb2 obj_gh60_lufa/protocol/lufa/lufa.o
 .text.EVENT_USB_Device_Suspend
                0x000016ae        0xa obj_gh60_lufa/protocol/lufa/lufa.o
                0x000016ae                EVENT_USB_Device_Suspend
 .text.EVENT_USB_Device_Reset
                0x000016b8        0xa obj_gh60_lufa/protocol/lufa/lufa.o
                0x000016b8                EVENT_USB_Device_Reset
 .text.EVENT_USB_Device_Disconnect
                0x000016c2        0xe obj_gh60_lufa/protocol/lufa/lufa.o
                0x000016c2                EVENT_USB_Device_Disconnect
 .text.EVENT_USB_Device_Connect
                0x000016d0       0x24 obj_gh60_lufa/protocol/lufa/lufa.o
                0x000016d0                EVENT_USB_Device_Connect
 .text.main     0x000016f4       0x9e obj_gh60_lufa/protocol/lufa/lufa.o
                0x000016f4                main
 .text.EVENT_USB_Device_ControlRequest
                0x00001792      0x17c obj_gh60_lufa/protocol/lufa/lufa.o
                0x00001792                EVENT_USB_Device_ControlRequest
 .text.EVENT_USB_Device_ConfigurationChanged
                0x0000190e       0x34 obj_gh60_lufa/protocol/lufa/lufa.o
                0x0000190e                EVENT_USB_Device_ConfigurationChanged
 .text.EVENT_USB_Device_WakeUp
                0x00001942        0xe obj_gh60_lufa/protocol/lufa/lufa.o
                0x00001942                EVENT_USB_Device_WakeUp
 .text.CALLBACK_USB_GetDescriptor
                0x00001950       0xfe obj_gh60_lufa/protocol/lufa/descriptor.o
                0x00001950                CALLBACK_USB_GetDescriptor
 .text.USB_Device_SendRemoteWakeup
                0x00001a4e       0x2c obj_gh60_lufa/protocol/lufa/LUFA-git/LUFA/Drivers/USB/Core/AVR8/Device_AVR8.o
                0x00001a4e                USB_Device_SendRemoteWakeup
 .text.Endpoint_Write_Control_Stream_LE
                0x00001a7a       0xd4 obj_gh60_lufa/protocol/lufa/LUFA-git/LUFA/Drivers/USB/Core/AVR8/EndpointStream_AVR8.o
                0x00001a7a                Endpoint_Write_Control_Stream_LE
 .text.Endpoint_Write_Control_PStream_LE
                0x00001b4e       0xd6 obj_gh60_lufa/protocol/lufa/LUFA-git/LUFA/Drivers/USB/Core/AVR8/EndpointStream_AVR8.o
                0x00001b4e                Endpoint_Write_Control_PStream_LE
 .text.Endpoint_Write_Stream_LE
                0x00001c24       0xa6 obj_gh60_lufa/protocol/lufa/LUFA-git/LUFA/Drivers/USB/Core/AVR8/EndpointStream_AVR8.o
                0x00001c24                Endpoint_Write_Stream_LE
 .text.Endpoint_ConfigureEndpoint_Prv
                0x00001cca       0x70 obj_gh60_lufa/protocol/lufa/LUFA-git/LUFA/Drivers/USB/Core/AVR8/Endpoint_AVR8.o
                0x00001cca                Endpoint_ConfigureEndpoint_Prv
 .text.Endpoint_ClearStatusStage
                0x00001d3a       0x42 obj_gh60_lufa/protocol/lufa/LUFA-git/LUFA/Drivers/USB/Core/AVR8/Endpoint_AVR8.o
                0x00001d3a                Endpoint_ClearStatusStage
 .text.Endpoint_WaitUntilReady
                0x00001d7c       0x64 obj_gh60_lufa/protocol/lufa/LUFA-git/LUFA/Drivers/USB/Core/AVR8/Endpoint_AVR8.o
                0x00001d7c                Endpoint_WaitUntilReady
 .text.USB_Disable
                0x00001de0       0x34 obj_gh60_lufa/protocol/lufa/LUFA-git/LUFA/Drivers/USB/Core/AVR8/USBController_AVR8.o
                0x00001de0                USB_Disable
 .text.USB_ResetInterface
                0x00001e14       0x8e obj_gh60_lufa/protocol/lufa/LUFA-git/LUFA/Drivers/USB/Core/AVR8/USBController_AVR8.o
                0x00001e14                USB_ResetInterface
 .text.USB_Init
                0x00001ea2       0x24 obj_gh60_lufa/protocol/lufa/LUFA-git/LUFA/Drivers/USB/Core/AVR8/USBController_AVR8.o
                0x00001ea2                USB_Init
 .text.USB_INT_DisableAllInterrupts
                0x00001ec6       0x10 obj_gh60_lufa/protocol/lufa/LUFA-git/LUFA/Drivers/USB/Core/AVR8/USBInterrupt_AVR8.o
                0x00001ec6                USB_INT_DisableAllInterrupts
 .text.USB_INT_ClearAllInterrupts
                0x00001ed6        0xa obj_gh60_lufa/protocol/lufa/LUFA-git/LUFA/Drivers/USB/Core/AVR8/USBInterrupt_AVR8.o
                0x00001ed6                USB_INT_ClearAllInterrupts
 .text.__vector_11
                0x00001ee0       0x78 obj_gh60_lufa/protocol/lufa/LUFA-git/LUFA/Drivers/USB/Core/AVR8/USBInterrupt_AVR8.o
                0x00001ee0                __vector_11
 .text.__vector_10
                0x00001f58      0x1a4 obj_gh60_lufa/protocol/lufa/LUFA-git/LUFA/Drivers/USB/Core/AVR8/USBInterrupt_AVR8.o
                0x00001f58                __vector_10
 .text.USB_Device_ProcessControlRequest
                0x000020fc      0x2e0 obj_gh60_lufa/protocol/lufa/LUFA-git/LUFA/Drivers/USB/Core/DeviceStandardReq.o
                0x000020fc                USB_Device_ProcessControlRequest
 .text.host_set_driver
                0x000023dc        0xa obj_gh60_lufa/common/host.o
                0x000023dc                host_set_driver
 .text.host_keyboard_leds
                0x000023e6       0x1a obj_gh60_lufa/common/host.o
                0x000023e6                host_keyboard_leds
 .text.host_mouse_send
                0x00002400       0x16 obj_gh60_lufa/common/host.o
                0x00002400                host_mouse_send
 .text.host_system_send
                0x00002416       0x30 obj_gh60_lufa/common/host.o
                0x00002416                host_system_send
 .text.host_consumer_send
                0x00002446       0x30 obj_gh60_lufa/common/host.o
                0x00002446                host_consumer_send
 .text.host_keyboard_send
                0x00002476       0xa0 obj_gh60_lufa/common/host.o
                0x00002476                host_keyboard_send
 .text.matrix_setup
                0x00002516        0x2 obj_gh60_lufa/common/keyboard.o
                0x00002516                matrix_setup
 .text.keyboard_setup
                0x00002518        0x6 obj_gh60_lufa/common/keyboard.o
                0x00002518                keyboard_setup
 .text.keyboard_set_leds
                0x0000251e       0x64 obj_gh60_lufa/common/keyboard.o
                0x0000251e                keyboard_set_leds
 .text.keyboard_task
                0x00002582      0x15e obj_gh60_lufa/common/keyboard.o
                0x00002582                keyboard_task
 .text.keyboard_init
                0x000026e0        0xe obj_gh60_lufa/common/keyboard.o
                0x000026e0                keyboard_init
 .text.debug_event
                0x000026ee       0x1e obj_gh60_lufa/common/action.o
                0x000026ee                debug_event
 .text.debug_record
                0x0000270c       0x20 obj_gh60_lufa/common/action.o
                0x0000270c                debug_record
 .text.is_tap_key
                0x0000272c       0x5a obj_gh60_lufa/common/action.o
                0x0000272c                is_tap_key
 .text.clear_keyboard_but_mods
                0x00002786       0x26 obj_gh60_lufa/common/action.o
                0x00002786                clear_keyboard_but_mods
 .text.clear_keyboard
                0x000027ac        0xa obj_gh60_lufa/common/action.o
                0x000027ac                clear_keyboard
 .text.unregister_mods
                0x000027b6        0xe obj_gh60_lufa/common/action.o
                0x000027b6                unregister_mods
 .text.register_mods
                0x000027c4        0xe obj_gh60_lufa/common/action.o
                0x000027c4                register_mods
 .text.unregister_code
                0x000027d2       0xa6 obj_gh60_lufa/common/action.o
                0x000027d2                unregister_code
 .text.register_code
                0x00002878      0x1ae obj_gh60_lufa/common/action.o
                0x00002878                register_code
 .text.process_action
                0x00002a26      0x474 obj_gh60_lufa/common/action.o
                0x00002a26                process_action
 .text.action_exec
                0x00002e9a       0x5c obj_gh60_lufa/common/action.o
                0x00002e9a                action_exec
 .text.debug_waiting_buffer
                0x00002ef6       0x42 obj_gh60_lufa/common/action_tapping.o
 .text.debug_tapping_key
                0x00002f38       0x1e obj_gh60_lufa/common/action_tapping.o
 .text.waiting_buffer_scan_tap
                0x00002f56       0xf8 obj_gh60_lufa/common/action_tapping.o
 .text.process_tapping
                0x0000304e      0x4c6 obj_gh60_lufa/common/action_tapping.o
 .text.action_tapping_process
                0x00003514      0x17e obj_gh60_lufa/common/action_tapping.o
                0x00003514                action_tapping_process
 .text.action_macro_play
                0x00003692       0xf2 obj_gh60_lufa/common/action_macro.o
                0x00003692                action_macro_play
 .text.default_layer_debug
                0x00003784        0x2 obj_gh60_lufa/common/action_layer.o
                0x00003784                default_layer_debug
 .text.layer_debug
                0x00003786        0x2 obj_gh60_lufa/common/action_layer.o
                0x00003786                layer_debug
 .text.layer_switch_get_action
                0x00003788       0x92 obj_gh60_lufa/common/action_layer.o
                0x00003788                layer_switch_get_action
 .text.layer_state_set
                0x0000381a       0x16 obj_gh60_lufa/common/action_layer.o
 .text.layer_xor
                0x00003830       0x22 obj_gh60_lufa/common/action_layer.o
                0x00003830                layer_xor
 .text.layer_and
                0x00003852       0x22 obj_gh60_lufa/common/action_layer.o
                0x00003852                layer_and
 .text.layer_or
                0x00003874       0x22 obj_gh60_lufa/common/action_layer.o
                0x00003874                layer_or
 .text.layer_invert
                0x00003896       0x38 obj_gh60_lufa/common/action_layer.o
                0x00003896                layer_invert
 .text.layer_off
                0x000038ce       0x40 obj_gh60_lufa/common/action_layer.o
                0x000038ce                layer_off
 .text.layer_on
                0x0000390e       0x38 obj_gh60_lufa/common/action_layer.o
                0x0000390e                layer_on
 .text.layer_move
                0x00003946       0x20 obj_gh60_lufa/common/action_layer.o
                0x00003946                layer_move
 .text.layer_clear
                0x00003966        0xe obj_gh60_lufa/common/action_layer.o
                0x00003966                layer_clear
 .text.default_layer_state_set
                0x00003974       0x16 obj_gh60_lufa/common/action_layer.o
 .text.default_layer_xor
                0x0000398a       0x22 obj_gh60_lufa/common/action_layer.o
                0x0000398a                default_layer_xor
 .text.default_layer_and
                0x000039ac       0x22 obj_gh60_lufa/common/action_layer.o
                0x000039ac                default_layer_and
 .text.default_layer_or
                0x000039ce       0x22 obj_gh60_lufa/common/action_layer.o
                0x000039ce                default_layer_or
 .text.default_layer_set
                0x000039f0        0x6 obj_gh60_lufa/common/action_layer.o
                0x000039f0                default_layer_set
 .text.clear_keys
                0x000039f6       0x1c obj_gh60_lufa/common/action_util.o
                0x000039f6                clear_keys
 .text.get_mods
                0x00003a12        0x6 obj_gh60_lufa/common/action_util.o
                0x00003a12                get_mods
 .text.add_mods
                0x00003a18        0xc obj_gh60_lufa/common/action_util.o
                0x00003a18                add_mods
 .text.del_mods
                0x00003a24        0xe obj_gh60_lufa/common/action_util.o
                0x00003a24                del_mods
 .text.clear_mods
                0x00003a32        0x6 obj_gh60_lufa/common/action_util.o
                0x00003a32                clear_mods
 .text.add_weak_mods
                0x00003a38        0xc obj_gh60_lufa/common/action_util.o
                0x00003a38                add_weak_mods
 .text.del_weak_mods
                0x00003a44        0xe obj_gh60_lufa/common/action_util.o
                0x00003a44                del_weak_mods
 .text.clear_weak_mods
                0x00003a52        0x6 obj_gh60_lufa/common/action_util.o
                0x00003a52                clear_weak_mods
 .text.set_oneshot_mods
                0x00003a58        0x6 obj_gh60_lufa/common/action_util.o
                0x00003a58                set_oneshot_mods
 .text.clear_oneshot_mods
                0x00003a5e        0x6 obj_gh60_lufa/common/action_util.o
                0x00003a5e                clear_oneshot_mods
 .text.has_anykey
                0x00003a64       0x1e obj_gh60_lufa/common/action_util.o
                0x00003a64                has_anykey
 .text.del_key  0x00003a82       0x9c obj_gh60_lufa/common/action_util.o
                0x00003a82                del_key
 .text.add_key  0x00003b1e       0xb0 obj_gh60_lufa/common/action_util.o
                0x00003b1e                add_key
 .text.send_keyboard_report
                0x00003bce       0x50 obj_gh60_lufa/common/action_util.o
                0x00003bce                send_keyboard_report
 .text.action_get_macro
                0x00003c1e        0x6 obj_gh60_lufa/common/keymap.o
                0x00003c1e                action_get_macro
 .text.action_function
                0x00003c24        0x2 obj_gh60_lufa/common/keymap.o
                0x00003c24                action_function
 .text.keycode_to_action
                0x00003c26      0x15c obj_gh60_lufa/common/keymap.o
 .text.action_for_key
                0x00003d82       0xf6 obj_gh60_lufa/common/keymap.o
                0x00003d82                action_for_key
 .text.print_set_sendchar
                0x00003e78        0xa obj_gh60_lufa/common/print.o
                0x00003e78                print_set_sendchar
 .text.bitrev   0x00003e82       0x44 obj_gh60_lufa/common/util.o
                0x00003e82                bitrev
 .text.bitrev16
                0x00003ec6       0x26 obj_gh60_lufa/common/util.o
                0x00003ec6                bitrev16
 .text.suspend_power_down
                0x00003eec       0x4c obj_gh60_lufa/common/avr/suspend.o
                0x00003eec                suspend_power_down
 .text.matrix_power_up
                0x00003f38        0x2 obj_gh60_lufa/common/avr/suspend.o
                0x00003f38                matrix_power_up
 .text.matrix_power_down
                0x00003f3a        0x2 obj_gh60_lufa/common/avr/suspend.o
                0x00003f3a                matrix_power_down
 .text.__vector_12
                0x00003f3c       0x52 obj_gh60_lufa/common/avr/suspend.o
                0x00003f3c                __vector_12
 .text.suspend_wakeup_init
                0x00003f8e        0x6 obj_gh60_lufa/common/avr/suspend.o
                0x00003f8e                suspend_wakeup_init
 .text.suspend_wakeup_condition
                0x00003f94       0x2a obj_gh60_lufa/common/avr/suspend.o
                0x00003f94                suspend_wakeup_condition
 .text.timer_init
                0x00003fbe       0x12 obj_gh60_lufa/common/avr/timer.o
                0x00003fbe                timer_init
 .text.timer_read
                0x00003fd0       0x1a obj_gh60_lufa/common/avr/timer.o
                0x00003fd0                timer_read
 .text.timer_elapsed
                0x00003fea       0x56 obj_gh60_lufa/common/avr/timer.o
                0x00003fea                timer_elapsed
 .text.__vector_21
                0x00004040       0x4a obj_gh60_lufa/common/avr/timer.o
                0x00004040                __vector_21
 .text.bootloader_jump
                0x0000408a       0x48 obj_gh60_lufa/common/avr/bootloader.o
                0x0000408a                bootloader_jump
 .text.scan_keycode
                0x000040d2       0x70 obj_gh60_lufa/common/bootmagic.o
 .text.bootmagic_scan_keycode
                0x00004142       0x18 obj_gh60_lufa/common/bootmagic.o
                0x00004142                bootmagic_scan_keycode
 .text.bootmagic
                0x0000415a      0x2aa obj_gh60_lufa/common/bootmagic.o
                0x0000415a                bootmagic
 .text.eeconfig_write_keymap
                0x00004404        0xc obj_gh60_lufa/common/avr/eeconfig.o
                0x00004404                eeconfig_write_keymap
 .text.eeconfig_write_default_layer
                0x00004410        0xc obj_gh60_lufa/common/avr/eeconfig.o
                0x00004410                eeconfig_write_default_layer
 .text.eeconfig_write_debug
                0x0000441c        0xc obj_gh60_lufa/common/avr/eeconfig.o
                0x0000441c                eeconfig_write_debug
 .text.eeconfig_read_keymap
                0x00004428        0xa obj_gh60_lufa/common/avr/eeconfig.o
                0x00004428                eeconfig_read_keymap
 .text.eeconfig_read_default_layer
                0x00004432        0xa obj_gh60_lufa/common/avr/eeconfig.o
                0x00004432                eeconfig_read_default_layer
 .text.eeconfig_read_debug
                0x0000443c        0xa obj_gh60_lufa/common/avr/eeconfig.o
                0x0000443c                eeconfig_read_debug
 .text.eeconfig_is_enabled
                0x00004446       0x16 obj_gh60_lufa/common/avr/eeconfig.o
                0x00004446                eeconfig_is_enabled
 .text.eeconfig_init
                0x0000445c       0x36 obj_gh60_lufa/common/avr/eeconfig.o
                0x0000445c                eeconfig_init
 .text.move_unit
                0x00004492       0x90 obj_gh60_lufa/common/mousekey.o
 .text.wheel_unit
                0x00004522       0x66 obj_gh60_lufa/common/mousekey.o
 .text.mousekey_on
                0x00004588       0xd4 obj_gh60_lufa/common/mousekey.o
                0x00004588                mousekey_on
 .text.mousekey_off
                0x0000465c      0x110 obj_gh60_lufa/common/mousekey.o
                0x0000465c                mousekey_off
 .text.mousekey_clear
                0x0000476c       0x18 obj_gh60_lufa/common/mousekey.o
                0x0000476c                mousekey_clear
 .text.mousekey_send
                0x00004784      0x1a0 obj_gh60_lufa/common/mousekey.o
                0x00004784                mousekey_send
 .text.mousekey_task
                0x00004924      0x142 obj_gh60_lufa/common/mousekey.o
                0x00004924                mousekey_task
 .text.command_extra
                0x00004a66        0x4 obj_gh60_lufa/common/command.o
                0x00004a66                command_extra
 .text.command_console_extra
                0x00004a6a        0x4 obj_gh60_lufa/common/command.o
                0x00004a6a                command_console_extra
 .text.command_console_help
                0x00004a6e        0xa obj_gh60_lufa/common/command.o
 .text.mousekey_console_help
                0x00004a78       0x4a obj_gh60_lufa/common/command.o
 .text.mousekey_param_inc
                0x00004ac2      0x1ca obj_gh60_lufa/common/command.o
 .text.mousekey_param_dec
                0x00004c8c      0x182 obj_gh60_lufa/common/command.o
 .text.switch_default_layer
                0x00004e0e       0x50 obj_gh60_lufa/common/command.o
 .text.command_common
                0x00004e5e      0x6a6 obj_gh60_lufa/common/command.o
 .text.command_proc
                0x00005504      0x39c obj_gh60_lufa/common/command.o
                0x00005504                command_proc
 .text.avr-libc.fplib
                0x000058a0        0xa c:/winavr-20100110/bin/../lib/gcc/avr/4.3.3/../../../../avr/lib/avr5\libm.a(fixsfsi.o)
                0x000058a0                __fixsfsi
 .text.avr-libc.fplib
                0x000058aa       0x58 c:/winavr-20100110/bin/../lib/gcc/avr/4.3.3/../../../../avr/lib/avr5\libm.a(fixunssfsi.o)
                0x000058aa                __fixunssfsi
 .text.avr-libc.fplib
                0x00005902       0x7a c:/winavr-20100110/bin/../lib/gcc/avr/4.3.3/../../../../avr/lib/avr5\libm.a(floatsisf.o)
                0x00005906                __floatsisf
                0x00005902                __floatunsisf
 .text.avr-libc.fplib
                0x0000597c       0x44 c:/winavr-20100110/bin/../lib/gcc/avr/4.3.3/../../../../avr/lib/avr5\libm.a(fp_split3.o)
                0x0000597c                __fp_split3
                0x0000598c                __fp_splitA
 .text.avr-libc.fplib
                0x000059c0        0xe c:/winavr-20100110/bin/../lib/gcc/avr/4.3.3/../../../../avr/lib/avr5\libm.a(fp_zero.o)
                0x000059c0                __fp_zero
                0x000059c2                __fp_szero
 .text.avr-libc.fplib
                0x000059ce        0x4 c:/winavr-20100110/bin/../lib/gcc/avr/4.3.3/../../../../avr/lib/avr5\libm.a(mulsf3.o)
                0x000059ce                __mulsf3
 .text.avr-libc.fplib
                0x000059d2       0xc2 c:/winavr-20100110/bin/../lib/gcc/avr/4.3.3/../../../../avr/lib/avr5\libm.a(mulsf3x.o)
                0x000059ea                __mulsf3_pse
                0x000059e6                __mulsf3x
 .text.avr-libc.fplib
                0x00005a94        0xc c:/winavr-20100110/bin/../lib/gcc/avr/4.3.3/../../../../avr/lib/avr5\libm.a(fp_inf.o)
                0x00005a94                __fp_inf
 .text.avr-libc.fplib
                0x00005aa0        0x6 c:/winavr-20100110/bin/../lib/gcc/avr/4.3.3/../../../../avr/lib/avr5\libm.a(fp_nan.o)
                0x00005aa0                __fp_nan
 .text.avr-libc.fplib
                0x00005aa6        0xe c:/winavr-20100110/bin/../lib/gcc/avr/4.3.3/../../../../avr/lib/avr5\libm.a(fp_pscA.o)
                0x00005aa6                __fp_pscA
 .text.avr-libc.fplib
                0x00005ab4        0xe c:/winavr-20100110/bin/../lib/gcc/avr/4.3.3/../../../../avr/lib/avr5\libm.a(fp_pscB.o)
                0x00005ab4                __fp_pscB
 .text.avr-libc.fplib
                0x00005ac2       0x22 c:/winavr-20100110/bin/../lib/gcc/avr/4.3.3/../../../../avr/lib/avr5\libm.a(fp_round.o)
                0x00005ac2                __fp_round
 .text.libgcc   0x00005ae4       0x18 c:/winavr-20100110/bin/../lib/gcc/avr/4.3.3/avr5\libgcc.a(_udivmodqi4.o)
                0x00005ae4                __udivmodqi4
 .text.libgcc   0x00005afc       0x26 c:/winavr-20100110/bin/../lib/gcc/avr/4.3.3/avr5\libgcc.a(_divmodhi4.o)
                0x00005afc                __divmodhi4
                0x00005afc                _div
 .text.libgcc   0x00005b22       0x28 c:/winavr-20100110/bin/../lib/gcc/avr/4.3.3/avr5\libgcc.a(_udivmodhi4.o)
                0x00005b22                __udivmodhi4
 .text.avr-libc
                0x00005b4a       0x10 c:/winavr-20100110/bin/../lib/gcc/avr/4.3.3/../../../../avr/lib/avr5\libc.a(eerd_byte_atmega32u4.o)
                0x00005b4a                __eerd_byte_m32u4
 .text.avr-libc
                0x00005b5a        0xc c:/winavr-20100110/bin/../lib/gcc/avr/4.3.3/../../../../avr/lib/avr5\libc.a(eerd_word_atmega32u4.o)
                0x00005b5a                __eerd_word_m32u4
 .text.avr-libc
                0x00005b66       0x1c c:/winavr-20100110/bin/../lib/gcc/avr/4.3.3/../../../../avr/lib/avr5\libc.a(eewr_byte_atmega32u4.o)
                0x00005b68                __eewr_r18_m32u4
                0x00005b66                __eewr_byte_m32u4
 .text.avr-libc
                0x00005b82        0xa c:/winavr-20100110/bin/../lib/gcc/avr/4.3.3/../../../../avr/lib/avr5\libc.a(eewr_word_atmega32u4.o)
                0x00005b82                __eewr_word_m32u4
 .text.avr-libc
                0x00005b8c       0x20 c:/winavr-20100110/bin/../lib/gcc/avr/4.3.3/../../../../avr/lib/avr5\libc.a(eerd_block_atmega32u4.o)
                0x00005b90                __eerd_blraw_m32u4
                0x00005b8c                __eerd_block_m32u4
                0x00005bac                . = ALIGN (0x2)
 *(.fini9)
 .fini9         0x00005bac        0x0 c:/winavr-20100110/bin/../lib/gcc/avr/4.3.3/avr5\libgcc.a(_exit.o)
                0x00005bac                exit
                0x00005bac                _exit
 *(.fini9)
 *(.fini8)
 *(.fini8)
 *(.fini7)
 *(.fini7)
 *(.fini6)
 *(.fini6)
 *(.fini5)
 *(.fini5)
 *(.fini4)
 *(.fini4)
 *(.fini3)
 *(.fini3)
 *(.fini2)
 *(.fini2)
 *(.fini1)
 *(.fini1)
 *(.fini0)
 .fini0         0x00005bac        0x4 c:/winavr-20100110/bin/../lib/gcc/avr/4.3.3/avr5\libgcc.a(_exit.o)
 *(.fini0)
                0x00005bb0                _etext = .

.data           0x00800100       0x16 load address 0x00005bb0
                0x00800100                PROVIDE (__data_start, .)
 *(.data)
 *(.data*)
 .data.debouncing
                0x00800100        0x1 obj_gh60_lufa/matrix.o
 .data.keyboard_protocol
                0x00800101        0x1 obj_gh60_lufa/protocol/lufa/lufa.o
                0x00800101                keyboard_protocol
 .data.lufa_driver
                0x00800102        0xa obj_gh60_lufa/protocol/lufa/lufa.o
                0x00800102                lufa_driver
 .data.keyboard_nkro
                0x0080010c        0x1 obj_gh60_lufa/common/host.o
                0x0080010c                keyboard_nkro
 .data.keyboard_report
                0x0080010d        0x2 obj_gh60_lufa/common/action_util.o
                0x0080010d                keyboard_report
 .data.mk_delay
                0x0080010f        0x1 obj_gh60_lufa/common/mousekey.o
                0x0080010f                mk_delay
 .data.mk_interval
                0x00800110        0x1 obj_gh60_lufa/common/mousekey.o
                0x00800110                mk_interval
 .data.mk_max_speed
                0x00800111        0x1 obj_gh60_lufa/common/mousekey.o
                0x00800111                mk_max_speed
 .data.mk_time_to_max
                0x00800112        0x1 obj_gh60_lufa/common/mousekey.o
                0x00800112                mk_time_to_max
 .data.mk_wheel_max_speed
                0x00800113        0x1 obj_gh60_lufa/common/mousekey.o
                0x00800113                mk_wheel_max_speed
 .data.mk_wheel_time_to_max
                0x00800114        0x1 obj_gh60_lufa/common/mousekey.o
                0x00800114                mk_wheel_time_to_max
 *(.rodata)
 *(.rodata*)
 *(.gnu.linkonce.d*)
                0x00800116                . = ALIGN (0x2)
 *fill*         0x00800115        0x1 00
                0x00800116                _edata = .
                0x00800116                PROVIDE (__data_end, .)

.bss            0x00800116       0xae
                0x00800116                PROVIDE (__bss_start, .)
 *(.bss)
 .bss           0x00800116        0x2 obj_gh60_lufa/common/avr/xprintf.o
                0x00800116                xfunc_out
 *(.bss*)
 .bss.matrix    0x00800118        0xa obj_gh60_lufa/matrix.o
 .bss.matrix_debouncing
                0x00800122        0xa obj_gh60_lufa/matrix.o
 .bss.keyboard_idle
                0x0080012c        0x1 obj_gh60_lufa/protocol/lufa/lufa.o
                0x0080012c                keyboard_idle
 .bss.keyboard_led_stats
                0x0080012d        0x1 obj_gh60_lufa/protocol/lufa/lufa.o
 .bss.console_flush
                0x0080012e        0x1 obj_gh60_lufa/protocol/lufa/lufa.o
 .bss.timeouted.4975
                0x0080012f        0x1 obj_gh60_lufa/protocol/lufa/lufa.o
 .bss.count.4822
                0x00800130        0x1 obj_gh60_lufa/protocol/lufa/lufa.o
 .bss.keyboard_report_sent
                0x00800131       0x10 obj_gh60_lufa/protocol/lufa/lufa.o
 .bss.last_consumer_report
                0x00800141        0x2 obj_gh60_lufa/common/host.o
 .bss.last_system_report
                0x00800143        0x2 obj_gh60_lufa/common/host.o
 .bss.driver    0x00800145        0x2 obj_gh60_lufa/common/host.o
 .bss.led_status.4879
                0x00800147        0x1 obj_gh60_lufa/common/keyboard.o
 .bss.matrix_prev.4878
                0x00800148        0xa obj_gh60_lufa/common/keyboard.o
 .bss.tapping_key
                0x00800152        0x6 obj_gh60_lufa/common/action_tapping.o
 .bss.waiting_buffer_head
                0x00800158        0x1 obj_gh60_lufa/common/action_tapping.o
 .bss.waiting_buffer_tail
                0x00800159        0x1 obj_gh60_lufa/common/action_tapping.o
 .bss.waiting_buffer
                0x0080015a       0x30 obj_gh60_lufa/common/action_tapping.o
 .bss.default_layer_state
                0x0080018a        0x4 obj_gh60_lufa/common/action_layer.o
                0x0080018a                default_layer_state
 .bss.layer_state
                0x0080018e        0x4 obj_gh60_lufa/common/action_layer.o
                0x0080018e                layer_state
 .bss.__compound_literal.0
                0x00800192       0x10 obj_gh60_lufa/common/action_util.o
 .bss.real_mods
                0x008001a2        0x1 obj_gh60_lufa/common/action_util.o
 .bss.oneshot_mods
                0x008001a3        0x1 obj_gh60_lufa/common/action_util.o
 .bss.weak_mods
                0x008001a4        0x1 obj_gh60_lufa/common/action_util.o
 .bss.debug_config
                0x008001a5        0x1 obj_gh60_lufa/common/debug.o
                0x008001a5                debug_config
 .bss.wdt_timeout
                0x008001a6        0x1 obj_gh60_lufa/common/avr/suspend.o
 .bss.timer_count
                0x008001a7        0x4 obj_gh60_lufa/common/avr/timer.o
                0x008001a7                timer_count
 .bss.mouse_report
                0x008001ab        0x5 obj_gh60_lufa/common/mousekey.o
 .bss.mousekey_repeat
                0x008001b0        0x1 obj_gh60_lufa/common/mousekey.o
 .bss.mousekey_accel
                0x008001b1        0x1 obj_gh60_lufa/common/mousekey.o
 .bss.last_timer
                0x008001b2        0x2 obj_gh60_lufa/common/mousekey.o
 .bss.command_state
                0x008001b4        0x1 obj_gh60_lufa/common/command.o
                0x008001b4                command_state
 .bss.mousekey_param
                0x008001b5        0x1 obj_gh60_lufa/common/command.o
 *(COMMON)
 COMMON         0x008001b6        0x1 obj_gh60_lufa/keymap_poker.o
                0x008001b6                keymap_config
 COMMON         0x008001b7        0x3 obj_gh60_lufa/protocol/lufa/LUFA-git/LUFA/Drivers/USB/Core/DeviceStandardReq.o
                0x008001b7                USB_Device_ConfigurationNumber
                0x008001b8                USB_Device_CurrentlySelfPowered
                0x008001b9                USB_Device_RemoteWakeupEnabled
 COMMON         0x008001ba        0xa obj_gh60_lufa/protocol/lufa/LUFA-git/LUFA/Drivers/USB/Core/USBTask.o
                0x008001ba                USB_IsInitialized
                0x008001bb                USB_DeviceState
                0x008001bc                USB_ControlRequest
                0x008001c4                PROVIDE (__bss_end, .)
                0x00005bb0                __data_load_start = LOADADDR (.data)
                0x00005bc6                __data_load_end = (__data_load_start + SIZEOF (.data))

.noinit         0x008001c4        0x4
                0x008001c4                PROVIDE (__noinit_start, .)
 *(.noinit*)
 .noinit        0x008001c4        0x4 obj_gh60_lufa/common/avr/bootloader.o
                0x008001c4                reset_key
                0x008001c8                PROVIDE (__noinit_end, .)
                0x008001c8                _end = .
                0x008001c8                PROVIDE (__heap_start, .)

.eeprom         0x00810000        0x0
 *(.eeprom*)
                0x00810000                __eeprom_end = .

.fuse
 *(.fuse)
 *(.lfuse)
 *(.hfuse)
 *(.efuse)

.lock
 *(.lock*)

.signature
 *(.signature*)

.stab           0x00000000      0x8b8
 *(.stab)
 .stab          0x00000000      0x8b8 obj_gh60_lufa/common/avr/xprintf.o

.stabstr        0x00000000       0x8f
 *(.stabstr)
 .stabstr       0x00000000       0x8f obj_gh60_lufa/common/avr/xprintf.o

.stab.excl
 *(.stab.excl)

.stab.exclstr
 *(.stab.exclstr)

.stab.index
 *(.stab.index)

.stab.indexstr
 *(.stab.indexstr)

.comment
 *(.comment)

.debug
 *(.debug)

.line
 *(.line)

.debug_srcinfo
 *(.debug_srcinfo)

.debug_sfnames
 *(.debug_sfnames)

.debug_aranges  0x00000000      0x950
 *(.debug_aranges)
 .debug_aranges
                0x00000000       0x28 obj_gh60_lufa/keymap_common.o
 .debug_aranges
                0x00000028       0x68 obj_gh60_lufa/matrix.o
 .debug_aranges
                0x00000090       0x20 obj_gh60_lufa/led.o
 .debug_aranges
                0x000000b0       0x90 obj_gh60_lufa/protocol/lufa/lufa.o
 .debug_aranges
                0x00000140       0x20 obj_gh60_lufa/protocol/lufa/descriptor.o
 .debug_aranges
                0x00000160       0x38 obj_gh60_lufa/protocol/lufa/LUFA-git/LUFA/Drivers/USB/Class/Common/HIDParser.o
 .debug_aranges
                0x00000198       0x20 obj_gh60_lufa/protocol/lufa/LUFA-git/LUFA/Drivers/USB/Core/AVR8/Device_AVR8.o
 .debug_aranges
                0x000001b8       0xc8 obj_gh60_lufa/protocol/lufa/LUFA-git/LUFA/Drivers/USB/Core/AVR8/EndpointStream_AVR8.o
 .debug_aranges
                0x00000280       0x40 obj_gh60_lufa/protocol/lufa/LUFA-git/LUFA/Drivers/USB/Core/AVR8/Endpoint_AVR8.o
 .debug_aranges
                0x000002c0       0x30 obj_gh60_lufa/protocol/lufa/LUFA-git/LUFA/Drivers/USB/Core/AVR8/USBController_AVR8.o
 .debug_aranges
                0x000002f0       0x38 obj_gh60_lufa/protocol/lufa/LUFA-git/LUFA/Drivers/USB/Core/AVR8/USBInterrupt_AVR8.o
 .debug_aranges
                0x00000328       0x38 obj_gh60_lufa/protocol/lufa/LUFA-git/LUFA/Drivers/USB/Core/ConfigDescriptors.o
 .debug_aranges
                0x00000360       0x20 obj_gh60_lufa/protocol/lufa/LUFA-git/LUFA/Drivers/USB/Core/DeviceStandardReq.o
 .debug_aranges
                0x00000380       0x20 obj_gh60_lufa/protocol/lufa/LUFA-git/LUFA/Drivers/USB/Core/Events.o
 .debug_aranges
                0x000003a0       0x20 obj_gh60_lufa/protocol/lufa/LUFA-git/LUFA/Drivers/USB/Core/USBTask.o
 .debug_aranges
                0x000003c0       0x60 obj_gh60_lufa/common/host.o
 .debug_aranges
                0x00000420       0x40 obj_gh60_lufa/common/keyboard.o
 .debug_aranges
                0x00000460       0x78 obj_gh60_lufa/common/action.o
 .debug_aranges
                0x000004d8       0x40 obj_gh60_lufa/common/action_tapping.o
 .debug_aranges
                0x00000518       0x20 obj_gh60_lufa/common/action_macro.o
 .debug_aranges
                0x00000538       0xa0 obj_gh60_lufa/common/action_layer.o
 .debug_aranges
                0x000005d8       0xb0 obj_gh60_lufa/common/action_util.o
 .debug_aranges
                0x00000688       0x38 obj_gh60_lufa/common/keymap.o
 .debug_aranges
                0x000006c0       0x20 obj_gh60_lufa/common/print.o
 .debug_aranges
                0x000006e0       0x60 obj_gh60_lufa/common/util.o
 .debug_aranges
                0x00000740       0x50 obj_gh60_lufa/common/avr/suspend.o
 .debug_aranges
                0x00000790       0x50 obj_gh60_lufa/common/avr/timer.o
 .debug_aranges
                0x000007e0       0x28 obj_gh60_lufa/common/avr/bootloader.o
 .debug_aranges
                0x00000808       0x30 obj_gh60_lufa/common/bootmagic.o
 .debug_aranges
                0x00000838       0x68 obj_gh60_lufa/common/avr/eeconfig.o
 .debug_aranges
                0x000008a0       0x50 obj_gh60_lufa/common/mousekey.o
 .debug_aranges
                0x000008f0       0x60 obj_gh60_lufa/common/command.o

.debug_pubnames
                0x00000000     0x1549
 *(.debug_pubnames)
 .debug_pubnames
                0x00000000       0x3f obj_gh60_lufa/keymap_poker.o
 .debug_pubnames
                0x0000003f       0x56 obj_gh60_lufa/keymap_common.o
 .debug_pubnames
                0x00000095       0xb3 obj_gh60_lufa/matrix.o
 .debug_pubnames
                0x00000148       0x1e obj_gh60_lufa/led.o
 .debug_pubnames
                0x00000166      0x161 obj_gh60_lufa/protocol/lufa/lufa.o
 .debug_pubnames
                0x000002c7       0xf5 obj_gh60_lufa/protocol/lufa/descriptor.o
 .debug_pubnames
                0x000003bc       0x7e obj_gh60_lufa/protocol/lufa/LUFA-git/LUFA/Drivers/USB/Class/Common/HIDParser.o
 .debug_pubnames
                0x0000043a       0x32 obj_gh60_lufa/protocol/lufa/LUFA-git/LUFA/Drivers/USB/Core/AVR8/Device_AVR8.o
 .debug_pubnames
                0x0000046c      0x2df obj_gh60_lufa/protocol/lufa/LUFA-git/LUFA/Drivers/USB/Core/AVR8/EndpointStream_AVR8.o
 .debug_pubnames
                0x0000074b       0xaf obj_gh60_lufa/protocol/lufa/LUFA-git/LUFA/Drivers/USB/Core/AVR8/Endpoint_AVR8.o
 .debug_pubnames
                0x000007fa       0x46 obj_gh60_lufa/protocol/lufa/LUFA-git/LUFA/Drivers/USB/Core/AVR8/USBController_AVR8.o
 .debug_pubnames
                0x00000840       0x72 obj_gh60_lufa/protocol/lufa/LUFA-git/LUFA/Drivers/USB/Core/AVR8/USBInterrupt_AVR8.o
 .debug_pubnames
                0x000008b2       0x9b obj_gh60_lufa/protocol/lufa/LUFA-git/LUFA/Drivers/USB/Core/ConfigDescriptors.o
 .debug_pubnames
                0x0000094d       0xa1 obj_gh60_lufa/protocol/lufa/LUFA-git/LUFA/Drivers/USB/Core/DeviceStandardReq.o
 .debug_pubnames
                0x000009ee       0x25 obj_gh60_lufa/protocol/lufa/LUFA-git/LUFA/Drivers/USB/Core/Events.o
 .debug_pubnames
                0x00000a13       0x63 obj_gh60_lufa/protocol/lufa/LUFA-git/LUFA/Drivers/USB/Core/USBTask.o
 .debug_pubnames
                0x00000a76       0xf5 obj_gh60_lufa/common/host.o
 .debug_pubnames
                0x00000b6b       0x82 obj_gh60_lufa/common/keyboard.o
 .debug_pubnames
                0x00000bed       0xf1 obj_gh60_lufa/common/action.o
 .debug_pubnames
                0x00000cde       0x2d obj_gh60_lufa/common/action_tapping.o
 .debug_pubnames
                0x00000d0b       0x28 obj_gh60_lufa/common/action_macro.o
 .debug_pubnames
                0x00000d33      0x149 obj_gh60_lufa/common/action_layer.o
 .debug_pubnames
                0x00000e7c      0x161 obj_gh60_lufa/common/action_util.o
 .debug_pubnames
                0x00000fdd       0x60 obj_gh60_lufa/common/keymap.o
 .debug_pubnames
                0x0000103d       0x29 obj_gh60_lufa/common/print.o
 .debug_pubnames
                0x00001066       0x23 obj_gh60_lufa/common/debug.o
 .debug_pubnames
                0x00001089       0x7e obj_gh60_lufa/common/util.o
 .debug_pubnames
                0x00001107       0xa9 obj_gh60_lufa/common/avr/suspend.o
 .debug_pubnames
                0x000011b0       0x97 obj_gh60_lufa/common/avr/timer.o
 .debug_pubnames
                0x00001247       0x5d obj_gh60_lufa/common/avr/bootloader.o
 .debug_pubnames
                0x000012a4       0x4d obj_gh60_lufa/common/bootmagic.o
 .debug_pubnames
                0x000012f1      0x10a obj_gh60_lufa/common/avr/eeconfig.o
 .debug_pubnames
                0x000013fb       0xdb obj_gh60_lufa/common/mousekey.o
 .debug_pubnames
                0x000014d6       0x73 obj_gh60_lufa/common/command.o

.debug_info     0x00000000     0xe082
 *(.debug_info)
 .debug_info    0x00000000      0x1bb obj_gh60_lufa/keymap_poker.o
 .debug_info    0x000001bb      0x733 obj_gh60_lufa/keymap_common.o
 .debug_info    0x000008ee      0x5d5 obj_gh60_lufa/matrix.o
 .debug_info    0x00000ec3       0x8f obj_gh60_lufa/led.o
 .debug_info    0x00000f52     0x11f7 obj_gh60_lufa/protocol/lufa/lufa.o
 .debug_info    0x00002149      0x799 obj_gh60_lufa/protocol/lufa/descriptor.o
 .debug_info    0x000028e2      0x6ee obj_gh60_lufa/protocol/lufa/LUFA-git/LUFA/Drivers/USB/Class/Common/HIDParser.o
 .debug_info    0x00002fd0       0xc4 obj_gh60_lufa/protocol/lufa/LUFA-git/LUFA/Drivers/USB/Core/AVR8/Device_AVR8.o
 .debug_info    0x00003094     0x15d4 obj_gh60_lufa/protocol/lufa/LUFA-git/LUFA/Drivers/USB/Core/AVR8/EndpointStream_AVR8.o
 .debug_info    0x00004668      0x5f2 obj_gh60_lufa/protocol/lufa/LUFA-git/LUFA/Drivers/USB/Core/AVR8/Endpoint_AVR8.o
 .debug_info    0x00004c5a       0x61 obj_gh60_lufa/protocol/lufa/LUFA-git/LUFA/Drivers/USB/Core/AVR8/Host_AVR8.o
 .debug_info    0x00004cbb       0x61 obj_gh60_lufa/protocol/lufa/LUFA-git/LUFA/Drivers/USB/Core/AVR8/PipeStream_AVR8.o
 .debug_info    0x00004d1c       0x61 obj_gh60_lufa/protocol/lufa/LUFA-git/LUFA/Drivers/USB/Core/AVR8/Pipe_AVR8.o
 .debug_info    0x00004d7d      0x4aa obj_gh60_lufa/protocol/lufa/LUFA-git/LUFA/Drivers/USB/Core/AVR8/USBController_AVR8.o
 .debug_info    0x00005227      0x6a7 obj_gh60_lufa/protocol/lufa/LUFA-git/LUFA/Drivers/USB/Core/AVR8/USBInterrupt_AVR8.o
 .debug_info    0x000058ce      0x34e obj_gh60_lufa/protocol/lufa/LUFA-git/LUFA/Drivers/USB/Core/ConfigDescriptors.o
 .debug_info    0x00005c1c      0x9b1 obj_gh60_lufa/protocol/lufa/LUFA-git/LUFA/Drivers/USB/Core/DeviceStandardReq.o
 .debug_info    0x000065cd       0x79 obj_gh60_lufa/protocol/lufa/LUFA-git/LUFA/Drivers/USB/Core/Events.o
 .debug_info    0x00006646       0x61 obj_gh60_lufa/protocol/lufa/LUFA-git/LUFA/Drivers/USB/Core/HostStandardReq.o
 .debug_info    0x000066a7      0x269 obj_gh60_lufa/protocol/lufa/LUFA-git/LUFA/Drivers/USB/Core/USBTask.o
 .debug_info    0x00006910      0x4ea obj_gh60_lufa/common/host.o
 .debug_info    0x00006dfa      0x3d2 obj_gh60_lufa/common/keyboard.o
 .debug_info    0x000071cc      0xeea obj_gh60_lufa/common/action.o
 .debug_info    0x000080b6      0xc55 obj_gh60_lufa/common/action_tapping.o
 .debug_info    0x00008d0b      0x74e obj_gh60_lufa/common/action_macro.o
 .debug_info    0x00009459      0x61f obj_gh60_lufa/common/action_layer.o
 .debug_info    0x00009a78      0x629 obj_gh60_lufa/common/action_util.o
 .debug_info    0x0000a0a1      0xdd5 obj_gh60_lufa/common/keymap.o
 .debug_info    0x0000ae76       0xdb obj_gh60_lufa/common/print.o
 .debug_info    0x0000af51      0x107 obj_gh60_lufa/common/debug.o
 .debug_info    0x0000b058      0x253 obj_gh60_lufa/common/util.o
 .debug_info    0x0000b2ab      0x1e5 obj_gh60_lufa/common/avr/suspend.o
 .debug_info    0x0000b490      0x1ea obj_gh60_lufa/common/avr/timer.o
 .debug_info    0x0000b67a      0x182 obj_gh60_lufa/common/avr/bootloader.o
 .debug_info    0x0000b7fc      0x84e obj_gh60_lufa/common/bootmagic.o
 .debug_info    0x0000c04a      0x188 obj_gh60_lufa/common/avr/eeconfig.o
 .debug_info    0x0000c1d2      0x6e4 obj_gh60_lufa/common/mousekey.o
 .debug_info    0x0000c8b6     0x17cc obj_gh60_lufa/common/command.o
 *(.gnu.linkonce.wi.*)

.debug_abbrev   0x00000000     0x342d
 *(.debug_abbrev)
 .debug_abbrev  0x00000000       0xc5 obj_gh60_lufa/keymap_poker.o
 .debug_abbrev  0x000000c5      0x18f obj_gh60_lufa/keymap_common.o
 .debug_abbrev  0x00000254      0x257 obj_gh60_lufa/matrix.o
 .debug_abbrev  0x000004ab       0x5d obj_gh60_lufa/led.o
 .debug_abbrev  0x00000508      0x392 obj_gh60_lufa/protocol/lufa/lufa.o
 .debug_abbrev  0x0000089a      0x17d obj_gh60_lufa/protocol/lufa/descriptor.o
 .debug_abbrev  0x00000a17      0x201 obj_gh60_lufa/protocol/lufa/LUFA-git/LUFA/Drivers/USB/Class/Common/HIDParser.o
 .debug_abbrev  0x00000c18       0x79 obj_gh60_lufa/protocol/lufa/LUFA-git/LUFA/Drivers/USB/Core/AVR8/Device_AVR8.o
 .debug_abbrev  0x00000c91      0x1bb obj_gh60_lufa/protocol/lufa/LUFA-git/LUFA/Drivers/USB/Core/AVR8/EndpointStream_AVR8.o
 .debug_abbrev  0x00000e4c      0x1fb obj_gh60_lufa/protocol/lufa/LUFA-git/LUFA/Drivers/USB/Core/AVR8/Endpoint_AVR8.o
 .debug_abbrev  0x00001047       0x33 obj_gh60_lufa/protocol/lufa/LUFA-git/LUFA/Drivers/USB/Core/AVR8/Host_AVR8.o
 .debug_abbrev  0x0000107a       0x33 obj_gh60_lufa/protocol/lufa/LUFA-git/LUFA/Drivers/USB/Core/AVR8/PipeStream_AVR8.o
 .debug_abbrev  0x000010ad       0x33 obj_gh60_lufa/protocol/lufa/LUFA-git/LUFA/Drivers/USB/Core/AVR8/Pipe_AVR8.o
 .debug_abbrev  0x000010e0      0x134 obj_gh60_lufa/protocol/lufa/LUFA-git/LUFA/Drivers/USB/Core/AVR8/USBController_AVR8.o
 .debug_abbrev  0x00001214      0x1e8 obj_gh60_lufa/protocol/lufa/LUFA-git/LUFA/Drivers/USB/Core/AVR8/USBInterrupt_AVR8.o
 .debug_abbrev  0x000013fc      0x15c obj_gh60_lufa/protocol/lufa/LUFA-git/LUFA/Drivers/USB/Core/ConfigDescriptors.o
 .debug_abbrev  0x00001558      0x256 obj_gh60_lufa/protocol/lufa/LUFA-git/LUFA/Drivers/USB/Core/DeviceStandardReq.o
 .debug_abbrev  0x000017ae       0x4a obj_gh60_lufa/protocol/lufa/LUFA-git/LUFA/Drivers/USB/Core/Events.o
 .debug_abbrev  0x000017f8       0x33 obj_gh60_lufa/protocol/lufa/LUFA-git/LUFA/Drivers/USB/Core/HostStandardReq.o
 .debug_abbrev  0x0000182b      0x174 obj_gh60_lufa/protocol/lufa/LUFA-git/LUFA/Drivers/USB/Core/USBTask.o
 .debug_abbrev  0x0000199f      0x198 obj_gh60_lufa/common/host.o
 .debug_abbrev  0x00001b37      0x186 obj_gh60_lufa/common/keyboard.o
 .debug_abbrev  0x00001cbd      0x244 obj_gh60_lufa/common/action.o
 .debug_abbrev  0x00001f01      0x27a obj_gh60_lufa/common/action_tapping.o
 .debug_abbrev  0x0000217b      0x146 obj_gh60_lufa/common/action_macro.o
 .debug_abbrev  0x000022c1      0x16c obj_gh60_lufa/common/action_layer.o
 .debug_abbrev  0x0000242d      0x25e obj_gh60_lufa/common/action_util.o
 .debug_abbrev  0x0000268b      0x22e obj_gh60_lufa/common/keymap.o
 .debug_abbrev  0x000028b9       0x9d obj_gh60_lufa/common/print.o
 .debug_abbrev  0x00002956       0x94 obj_gh60_lufa/common/debug.o
 .debug_abbrev  0x000029ea       0x96 obj_gh60_lufa/common/util.o
 .debug_abbrev  0x00002a80      0x121 obj_gh60_lufa/common/avr/suspend.o
 .debug_abbrev  0x00002ba1       0xd2 obj_gh60_lufa/common/avr/timer.o
 .debug_abbrev  0x00002c73       0xff obj_gh60_lufa/common/avr/bootloader.o
 .debug_abbrev  0x00002d72      0x1e3 obj_gh60_lufa/common/bootmagic.o
 .debug_abbrev  0x00002f55       0x8b obj_gh60_lufa/common/avr/eeconfig.o
 .debug_abbrev  0x00002fe0      0x1a1 obj_gh60_lufa/common/mousekey.o
 .debug_abbrev  0x00003181      0x2ac obj_gh60_lufa/common/command.o

.debug_line     0x00000000     0x8dc6
 *(.debug_line)
 .debug_line    0x00000000       0xf4 obj_gh60_lufa/keymap_poker.o
 .debug_line    0x000000f4      0x178 obj_gh60_lufa/keymap_common.o
 .debug_line    0x0000026c      0x3d9 obj_gh60_lufa/matrix.o
 .debug_line    0x00000645       0xb2 obj_gh60_lufa/led.o
 .debug_line    0x000006f7      0xc58 obj_gh60_lufa/protocol/lufa/lufa.o
 .debug_line    0x0000134f      0x2bd obj_gh60_lufa/protocol/lufa/descriptor.o
 .debug_line    0x0000160c      0x5ba obj_gh60_lufa/protocol/lufa/LUFA-git/LUFA/Drivers/USB/Class/Common/HIDParser.o
 .debug_line    0x00001bc6      0x167 obj_gh60_lufa/protocol/lufa/LUFA-git/LUFA/Drivers/USB/Core/AVR8/Device_AVR8.o
 .debug_line    0x00001d2d     0x188d obj_gh60_lufa/protocol/lufa/LUFA-git/LUFA/Drivers/USB/Core/AVR8/EndpointStream_AVR8.o
 .debug_line    0x000035ba      0x5d9 obj_gh60_lufa/protocol/lufa/LUFA-git/LUFA/Drivers/USB/Core/AVR8/Endpoint_AVR8.o
 .debug_line    0x00003b93       0x3e obj_gh60_lufa/protocol/lufa/LUFA-git/LUFA/Drivers/USB/Core/AVR8/Host_AVR8.o
 .debug_line    0x00003bd1       0x3e obj_gh60_lufa/protocol/lufa/LUFA-git/LUFA/Drivers/USB/Core/AVR8/PipeStream_AVR8.o
 .debug_line    0x00003c0f       0x3e obj_gh60_lufa/protocol/lufa/LUFA-git/LUFA/Drivers/USB/Core/AVR8/Pipe_AVR8.o
 .debug_line    0x00003c4d      0x46a obj_gh60_lufa/protocol/lufa/LUFA-git/LUFA/Drivers/USB/Core/AVR8/USBController_AVR8.o
 .debug_line    0x000040b7      0x6c0 obj_gh60_lufa/protocol/lufa/LUFA-git/LUFA/Drivers/USB/Core/AVR8/USBInterrupt_AVR8.o
 .debug_line    0x00004777      0x280 obj_gh60_lufa/protocol/lufa/LUFA-git/LUFA/Drivers/USB/Core/ConfigDescriptors.o
 .debug_line    0x000049f7      0x5ec obj_gh60_lufa/protocol/lufa/LUFA-git/LUFA/Drivers/USB/Core/DeviceStandardReq.o
 .debug_line    0x00004fe3       0xa0 obj_gh60_lufa/protocol/lufa/LUFA-git/LUFA/Drivers/USB/Core/Events.o
 .debug_line    0x00005083       0x3e obj_gh60_lufa/protocol/lufa/LUFA-git/LUFA/Drivers/USB/Core/HostStandardReq.o
 .debug_line    0x000050c1      0x207 obj_gh60_lufa/protocol/lufa/LUFA-git/LUFA/Drivers/USB/Core/USBTask.o
 .debug_line    0x000052c8      0x27a obj_gh60_lufa/common/host.o
 .debug_line    0x00005542      0x263 obj_gh60_lufa/common/keyboard.o
 .debug_line    0x000057a5      0x754 obj_gh60_lufa/common/action.o
 .debug_line    0x00005ef9      0x550 obj_gh60_lufa/common/action_tapping.o
 .debug_line    0x00006449      0x233 obj_gh60_lufa/common/action_macro.o
 .debug_line    0x0000667c      0x330 obj_gh60_lufa/common/action_layer.o
 .debug_line    0x000069ac      0x412 obj_gh60_lufa/common/action_util.o
 .debug_line    0x00006dbe      0x338 obj_gh60_lufa/common/keymap.o
 .debug_line    0x000070f6       0xe5 obj_gh60_lufa/common/print.o
 .debug_line    0x000071db       0xa3 obj_gh60_lufa/common/debug.o
 .debug_line    0x0000727e      0x251 obj_gh60_lufa/common/util.o
 .debug_line    0x000074cf      0x2cc obj_gh60_lufa/common/avr/suspend.o
 .debug_line    0x0000779b      0x22a obj_gh60_lufa/common/avr/timer.o
 .debug_line    0x000079c5      0x1de obj_gh60_lufa/common/avr/bootloader.o
 .debug_line    0x00007ba3      0x3e1 obj_gh60_lufa/common/bootmagic.o
 .debug_line    0x00007f84      0x1e3 obj_gh60_lufa/common/avr/eeconfig.o
 .debug_line    0x00008167      0x460 obj_gh60_lufa/common/mousekey.o
 .debug_line    0x000085c7      0x7ff obj_gh60_lufa/common/command.o

.debug_frame    0x00000000      0xea0
 *(.debug_frame)
 .debug_frame   0x00000000       0x30 obj_gh60_lufa/keymap_common.o
 .debug_frame   0x00000030       0xb0 obj_gh60_lufa/matrix.o
 .debug_frame   0x000000e0       0x20 obj_gh60_lufa/led.o
 .debug_frame   0x00000100      0x100 obj_gh60_lufa/protocol/lufa/lufa.o
 .debug_frame   0x00000200       0x20 obj_gh60_lufa/protocol/lufa/descriptor.o
 .debug_frame   0x00000220       0x50 obj_gh60_lufa/protocol/lufa/LUFA-git/LUFA/Drivers/USB/Class/Common/HIDParser.o
 .debug_frame   0x00000270       0x20 obj_gh60_lufa/protocol/lufa/LUFA-git/LUFA/Drivers/USB/Core/AVR8/Device_AVR8.o
 .debug_frame   0x00000290      0x170 obj_gh60_lufa/protocol/lufa/LUFA-git/LUFA/Drivers/USB/Core/AVR8/EndpointStream_AVR8.o
 .debug_frame   0x00000400       0x60 obj_gh60_lufa/protocol/lufa/LUFA-git/LUFA/Drivers/USB/Core/AVR8/Endpoint_AVR8.o
 .debug_frame   0x00000460       0x40 obj_gh60_lufa/protocol/lufa/LUFA-git/LUFA/Drivers/USB/Core/AVR8/USBController_AVR8.o
 .debug_frame   0x000004a0       0x50 obj_gh60_lufa/protocol/lufa/LUFA-git/LUFA/Drivers/USB/Core/AVR8/USBInterrupt_AVR8.o
 .debug_frame   0x000004f0       0x50 obj_gh60_lufa/protocol/lufa/LUFA-git/LUFA/Drivers/USB/Core/ConfigDescriptors.o
 .debug_frame   0x00000540       0x20 obj_gh60_lufa/protocol/lufa/LUFA-git/LUFA/Drivers/USB/Core/DeviceStandardReq.o
 .debug_frame   0x00000560       0x20 obj_gh60_lufa/protocol/lufa/LUFA-git/LUFA/Drivers/USB/Core/Events.o
 .debug_frame   0x00000580       0x20 obj_gh60_lufa/protocol/lufa/LUFA-git/LUFA/Drivers/USB/Core/USBTask.o
 .debug_frame   0x000005a0       0xa0 obj_gh60_lufa/common/host.o
 .debug_frame   0x00000640       0x60 obj_gh60_lufa/common/keyboard.o
 .debug_frame   0x000006a0       0xd0 obj_gh60_lufa/common/action.o
 .debug_frame   0x00000770       0x60 obj_gh60_lufa/common/action_tapping.o
 .debug_frame   0x000007d0       0x20 obj_gh60_lufa/common/action_macro.o
 .debug_frame   0x000007f0      0x120 obj_gh60_lufa/common/action_layer.o
 .debug_frame   0x00000910      0x140 obj_gh60_lufa/common/action_util.o
 .debug_frame   0x00000a50       0x50 obj_gh60_lufa/common/keymap.o
 .debug_frame   0x00000aa0       0x20 obj_gh60_lufa/common/print.o
 .debug_frame   0x00000ac0       0xa0 obj_gh60_lufa/common/util.o
 .debug_frame   0x00000b60       0x80 obj_gh60_lufa/common/avr/suspend.o
 .debug_frame   0x00000be0       0x80 obj_gh60_lufa/common/avr/timer.o
 .debug_frame   0x00000c60       0x30 obj_gh60_lufa/common/avr/bootloader.o
 .debug_frame   0x00000c90       0x40 obj_gh60_lufa/common/bootmagic.o
 .debug_frame   0x00000cd0       0xb0 obj_gh60_lufa/common/avr/eeconfig.o
 .debug_frame   0x00000d80       0x80 obj_gh60_lufa/common/mousekey.o
 .debug_frame   0x00000e00       0xa0 obj_gh60_lufa/common/command.o

.debug_str      0x00000000     0x3fbf
 *(.debug_str)
 .debug_str     0x00000000      0x142 obj_gh60_lufa/keymap_poker.o
                                0x180 (size before relaxing)
 .debug_str     0x00000142      0x442 obj_gh60_lufa/keymap_common.o
                                0x609 (size before relaxing)
 .debug_str     0x00000584      0x155 obj_gh60_lufa/matrix.o
                                0x235 (size before relaxing)
 .debug_str     0x000006d9       0x16 obj_gh60_lufa/led.o
                                 0xb6 (size before relaxing)
 .debug_str     0x000006ef      0x675 obj_gh60_lufa/protocol/lufa/lufa.o
                                0x815 (size before relaxing)
 .debug_str     0x00000d64      0x5ee obj_gh60_lufa/protocol/lufa/descriptor.o
                                0x719 (size before relaxing)
 .debug_str     0x00001352      0x4a4 obj_gh60_lufa/protocol/lufa/LUFA-git/LUFA/Drivers/USB/Class/Common/HIDParser.o
                                0x5da (size before relaxing)
 .debug_str     0x000017f6       0x97 obj_gh60_lufa/protocol/lufa/LUFA-git/LUFA/Drivers/USB/Core/AVR8/Device_AVR8.o
                                0x135 (size before relaxing)
 .debug_str     0x0000188d      0x4fb obj_gh60_lufa/protocol/lufa/LUFA-git/LUFA/Drivers/USB/Core/AVR8/EndpointStream_AVR8.o
                                0x763 (size before relaxing)
 .debug_str     0x00001d88      0x27b obj_gh60_lufa/protocol/lufa/LUFA-git/LUFA/Drivers/USB/Core/AVR8/Endpoint_AVR8.o
                                0x55f (size before relaxing)
 .debug_str     0x00002003       0x4d obj_gh60_lufa/protocol/lufa/LUFA-git/LUFA/Drivers/USB/Core/AVR8/Host_AVR8.o
                                 0xe5 (size before relaxing)
 .debug_str     0x00002050       0x53 obj_gh60_lufa/protocol/lufa/LUFA-git/LUFA/Drivers/USB/Core/AVR8/PipeStream_AVR8.o
                                 0xeb (size before relaxing)
 .debug_str     0x000020a3       0x4d obj_gh60_lufa/protocol/lufa/LUFA-git/LUFA/Drivers/USB/Core/AVR8/Pipe_AVR8.o
                                 0xe5 (size before relaxing)
 .debug_str     0x000020f0      0x1ba obj_gh60_lufa/protocol/lufa/LUFA-git/LUFA/Drivers/USB/Core/AVR8/USBController_AVR8.o
                                0x447 (size before relaxing)
 .debug_str     0x000022aa      0x140 obj_gh60_lufa/protocol/lufa/LUFA-git/LUFA/Drivers/USB/Core/AVR8/USBInterrupt_AVR8.o
                                0x442 (size before relaxing)
 .debug_str     0x000023ea      0x23d obj_gh60_lufa/protocol/lufa/LUFA-git/LUFA/Drivers/USB/Core/ConfigDescriptors.o
                                0x303 (size before relaxing)
 .debug_str     0x00002627      0x409 obj_gh60_lufa/protocol/lufa/LUFA-git/LUFA/Drivers/USB/Core/DeviceStandardReq.o
                                0x833 (size before relaxing)
 .debug_str     0x00002a30       0x54 obj_gh60_lufa/protocol/lufa/LUFA-git/LUFA/Drivers/USB/Core/Events.o
                                 0xec (size before relaxing)
 .debug_str     0x00002a84       0x4e obj_gh60_lufa/protocol/lufa/LUFA-git/LUFA/Drivers/USB/Core/HostStandardReq.o
                                 0xe6 (size before relaxing)
 .debug_str     0x00002ad2       0x6e obj_gh60_lufa/protocol/lufa/LUFA-git/LUFA/Drivers/USB/Core/USBTask.o
                                0x2a3 (size before relaxing)
 .debug_str     0x00002b40       0xdd obj_gh60_lufa/common/host.o
                                0x2a7 (size before relaxing)
 .debug_str     0x00002c1d       0xb8 obj_gh60_lufa/common/keyboard.o
                                0x273 (size before relaxing)
 .debug_str     0x00002cd5      0x8ab obj_gh60_lufa/common/action.o
                                0xdf9 (size before relaxing)
 .debug_str     0x00003580      0x103 obj_gh60_lufa/common/action_tapping.o
                                0x9b5 (size before relaxing)
 .debug_str     0x00003683       0x76 obj_gh60_lufa/common/action_macro.o
                                0x751 (size before relaxing)
 .debug_str     0x000036f9      0x102 obj_gh60_lufa/common/action_layer.o
                                0x305 (size before relaxing)
 .debug_str     0x000037fb      0x155 obj_gh60_lufa/common/action_util.o
                                0x2cb (size before relaxing)
 .debug_str     0x00003950       0x51 obj_gh60_lufa/common/keymap.o
                                0xd54 (size before relaxing)
 .debug_str     0x000039a1       0x49 obj_gh60_lufa/common/print.o
                                 0xf0 (size before relaxing)
 .debug_str     0x000039ea       0x1e obj_gh60_lufa/common/debug.o
                                0x106 (size before relaxing)
 .debug_str     0x00003a08       0x65 obj_gh60_lufa/common/util.o
                                0x11c (size before relaxing)
 .debug_str     0x00003a6d       0xbc obj_gh60_lufa/common/avr/suspend.o
                                0x22c (size before relaxing)
 .debug_str     0x00003b29       0x80 obj_gh60_lufa/common/avr/timer.o
                                0x143 (size before relaxing)
 .debug_str     0x00003ba9       0x66 obj_gh60_lufa/common/avr/bootloader.o
                                0x16d (size before relaxing)
 .debug_str     0x00003c0f       0x43 obj_gh60_lufa/common/bootmagic.o
                                0x827 (size before relaxing)
 .debug_str     0x00003c52       0xf5 obj_gh60_lufa/common/avr/eeconfig.o
                                0x19b (size before relaxing)
 .debug_str     0x00003d47      0x119 obj_gh60_lufa/common/mousekey.o
                                0x599 (size before relaxing)
 .debug_str     0x00003e60      0x15f obj_gh60_lufa/common/command.o
                                0x9e4 (size before relaxing)

.debug_loc      0x00000000     0x4278
 *(.debug_loc)
 .debug_loc     0x00000000       0x3e obj_gh60_lufa/keymap_common.o
 .debug_loc     0x0000003e       0xdf obj_gh60_lufa/matrix.o
 .debug_loc     0x0000011d      0x248 obj_gh60_lufa/protocol/lufa/lufa.o
 .debug_loc     0x00000365      0x260 obj_gh60_lufa/protocol/lufa/descriptor.o
 .debug_loc     0x000005c5      0x584 obj_gh60_lufa/protocol/lufa/LUFA-git/LUFA/Drivers/USB/Class/Common/HIDParser.o
 .debug_loc     0x00000b49     0x1886 obj_gh60_lufa/protocol/lufa/LUFA-git/LUFA/Drivers/USB/Core/AVR8/EndpointStream_AVR8.o
 .debug_loc     0x000023cf      0x11c obj_gh60_lufa/protocol/lufa/LUFA-git/LUFA/Drivers/USB/Core/AVR8/Endpoint_AVR8.o
 .debug_loc     0x000024eb      0x2c7 obj_gh60_lufa/protocol/lufa/LUFA-git/LUFA/Drivers/USB/Core/ConfigDescriptors.o
 .debug_loc     0x000027b2      0x21e obj_gh60_lufa/protocol/lufa/LUFA-git/LUFA/Drivers/USB/Core/DeviceStandardReq.o
 .debug_loc     0x000029d0      0x103 obj_gh60_lufa/common/host.o
 .debug_loc     0x00002ad3       0x81 obj_gh60_lufa/common/keyboard.o
 .debug_loc     0x00002b54      0x45c obj_gh60_lufa/common/action.o
 .debug_loc     0x00002fb0      0x1f5 obj_gh60_lufa/common/action_tapping.o
 .debug_loc     0x000031a5      0x2f0 obj_gh60_lufa/common/action_macro.o
 .debug_loc     0x00003495      0x24c obj_gh60_lufa/common/action_layer.o
 .debug_loc     0x000036e1       0xbf obj_gh60_lufa/common/action_util.o
 .debug_loc     0x000037a0      0x186 obj_gh60_lufa/common/keymap.o
 .debug_loc     0x00003926      0x245 obj_gh60_lufa/common/util.o
 .debug_loc     0x00003b6b       0x26 obj_gh60_lufa/common/avr/suspend.o
 .debug_loc     0x00003b91      0x1af obj_gh60_lufa/common/avr/timer.o
 .debug_loc     0x00003d40       0x18 obj_gh60_lufa/common/avr/bootloader.o
 .debug_loc     0x00003d58      0x122 obj_gh60_lufa/common/bootmagic.o
 .debug_loc     0x00003e7a       0x5a obj_gh60_lufa/common/avr/eeconfig.o
 .debug_loc     0x00003ed4      0x246 obj_gh60_lufa/common/mousekey.o
 .debug_loc     0x0000411a      0x15e obj_gh60_lufa/common/command.o

.debug_macinfo
 *(.debug_macinfo)
OUTPUT(gh60_lufa.elf elf32-avr)
LOAD linker stubs

.debug_ranges   0x00000000      0xbb0
 .debug_ranges  0x00000000       0x20 obj_gh60_lufa/keymap_common.o
 .debug_ranges  0x00000020       0x60 obj_gh60_lufa/matrix.o
 .debug_ranges  0x00000080       0x18 obj_gh60_lufa/led.o
 .debug_ranges  0x00000098       0xd0 obj_gh60_lufa/protocol/lufa/lufa.o
 .debug_ranges  0x00000168       0x18 obj_gh60_lufa/protocol/lufa/descriptor.o
 .debug_ranges  0x00000180       0xa0 obj_gh60_lufa/protocol/lufa/LUFA-git/LUFA/Drivers/USB/Class/Common/HIDParser.o
 .debug_ranges  0x00000220       0x18 obj_gh60_lufa/protocol/lufa/LUFA-git/LUFA/Drivers/USB/Core/AVR8/Device_AVR8.o
 .debug_ranges  0x00000238       0xc0 obj_gh60_lufa/protocol/lufa/LUFA-git/LUFA/Drivers/USB/Core/AVR8/EndpointStream_AVR8.o
 .debug_ranges  0x000002f8       0x50 obj_gh60_lufa/protocol/lufa/LUFA-git/LUFA/Drivers/USB/Core/AVR8/Endpoint_AVR8.o
 .debug_ranges  0x00000348       0x28 obj_gh60_lufa/protocol/lufa/LUFA-git/LUFA/Drivers/USB/Core/AVR8/USBController_AVR8.o
 .debug_ranges  0x00000370       0x30 obj_gh60_lufa/protocol/lufa/LUFA-git/LUFA/Drivers/USB/Core/AVR8/USBInterrupt_AVR8.o
 .debug_ranges  0x000003a0       0x30 obj_gh60_lufa/protocol/lufa/LUFA-git/LUFA/Drivers/USB/Core/ConfigDescriptors.o
 .debug_ranges  0x000003d0       0x78 obj_gh60_lufa/protocol/lufa/LUFA-git/LUFA/Drivers/USB/Core/DeviceStandardReq.o
 .debug_ranges  0x00000448       0x18 obj_gh60_lufa/protocol/lufa/LUFA-git/LUFA/Drivers/USB/Core/Events.o
 .debug_ranges  0x00000460       0x18 obj_gh60_lufa/protocol/lufa/LUFA-git/LUFA/Drivers/USB/Core/USBTask.o
 .debug_ranges  0x00000478       0x58 obj_gh60_lufa/common/host.o
 .debug_ranges  0x000004d0       0x68 obj_gh60_lufa/common/keyboard.o
 .debug_ranges  0x00000538       0x70 obj_gh60_lufa/common/action.o
 .debug_ranges  0x000005a8       0x68 obj_gh60_lufa/common/action_tapping.o
 .debug_ranges  0x00000610       0x90 obj_gh60_lufa/common/action_macro.o
 .debug_ranges  0x000006a0       0x98 obj_gh60_lufa/common/action_layer.o
 .debug_ranges  0x00000738       0xa8 obj_gh60_lufa/common/action_util.o
 .debug_ranges  0x000007e0       0x30 obj_gh60_lufa/common/keymap.o
 .debug_ranges  0x00000810       0x18 obj_gh60_lufa/common/print.o
 .debug_ranges  0x00000828       0x58 obj_gh60_lufa/common/util.o
 .debug_ranges  0x00000880       0x48 obj_gh60_lufa/common/avr/suspend.o
 .debug_ranges  0x000008c8       0x48 obj_gh60_lufa/common/avr/timer.o
 .debug_ranges  0x00000910       0x20 obj_gh60_lufa/common/avr/bootloader.o
 .debug_ranges  0x00000930       0x88 obj_gh60_lufa/common/bootmagic.o
 .debug_ranges  0x000009b8       0x60 obj_gh60_lufa/common/avr/eeconfig.o
 .debug_ranges  0x00000a18       0x48 obj_gh60_lufa/common/mousekey.o
 .debug_ranges  0x00000a60      0x150 obj_gh60_lufa/common/command.o

Cross Reference Table

Symbol                                            File
CALLBACK_HIDParser_FilterHIDReportItem            obj_gh60_lufa/protocol/lufa/LUFA-git/LUFA/Drivers/USB/Class/Common/HIDParser.o
CALLBACK_USB_GetDescriptor                        obj_gh60_lufa/protocol/lufa/descriptor.o
                                                  obj_gh60_lufa/protocol/lufa/LUFA-git/LUFA/Drivers/USB/Core/DeviceStandardReq.o
ConfigurationDescriptor                           obj_gh60_lufa/protocol/lufa/descriptor.o
ConsoleReport                                     obj_gh60_lufa/protocol/lufa/descriptor.o
DeviceDescriptor                                  obj_gh60_lufa/protocol/lufa/descriptor.o
EVENT_USB_Device_ConfigurationChanged             obj_gh60_lufa/protocol/lufa/lufa.o
                                                  obj_gh60_lufa/protocol/lufa/LUFA-git/LUFA/Drivers/USB/Core/DeviceStandardReq.o
EVENT_USB_Device_Connect                          obj_gh60_lufa/protocol/lufa/lufa.o
                                                  obj_gh60_lufa/protocol/lufa/LUFA-git/LUFA/Drivers/USB/Core/AVR8/USBInterrupt_AVR8.o
EVENT_USB_Device_ControlRequest                   obj_gh60_lufa/protocol/lufa/lufa.o
                                                  obj_gh60_lufa/protocol/lufa/LUFA-git/LUFA/Drivers/USB/Core/DeviceStandardReq.o
EVENT_USB_Device_Disconnect                       obj_gh60_lufa/protocol/lufa/lufa.o
                                                  obj_gh60_lufa/protocol/lufa/LUFA-git/LUFA/Drivers/USB/Core/AVR8/USBInterrupt_AVR8.o
EVENT_USB_Device_Reset                            obj_gh60_lufa/protocol/lufa/lufa.o
                                                  obj_gh60_lufa/protocol/lufa/LUFA-git/LUFA/Drivers/USB/Core/AVR8/USBInterrupt_AVR8.o
EVENT_USB_Device_StartOfFrame                     obj_gh60_lufa/protocol/lufa/lufa.o
                                                  obj_gh60_lufa/protocol/lufa/LUFA-git/LUFA/Drivers/USB/Core/AVR8/USBInterrupt_AVR8.o
EVENT_USB_Device_Suspend                          obj_gh60_lufa/protocol/lufa/lufa.o
                                                  obj_gh60_lufa/protocol/lufa/LUFA-git/LUFA/Drivers/USB/Core/AVR8/USBInterrupt_AVR8.o
EVENT_USB_Device_WakeUp                           obj_gh60_lufa/protocol/lufa/lufa.o
                                                  obj_gh60_lufa/protocol/lufa/LUFA-git/LUFA/Drivers/USB/Core/AVR8/USBInterrupt_AVR8.o
Endpoint_ClearEndpoints                           obj_gh60_lufa/protocol/lufa/LUFA-git/LUFA/Drivers/USB/Core/AVR8/Endpoint_AVR8.o
Endpoint_ClearStatusStage                         obj_gh60_lufa/protocol/lufa/LUFA-git/LUFA/Drivers/USB/Core/AVR8/Endpoint_AVR8.o
                                                  obj_gh60_lufa/protocol/lufa/LUFA-git/LUFA/Drivers/USB/Core/DeviceStandardReq.o
                                                  obj_gh60_lufa/protocol/lufa/lufa.o
Endpoint_ConfigureEndpointTable                   obj_gh60_lufa/protocol/lufa/LUFA-git/LUFA/Drivers/USB/Core/AVR8/Endpoint_AVR8.o
Endpoint_ConfigureEndpoint_Prv                    obj_gh60_lufa/protocol/lufa/LUFA-git/LUFA/Drivers/USB/Core/AVR8/Endpoint_AVR8.o
                                                  obj_gh60_lufa/protocol/lufa/LUFA-git/LUFA/Drivers/USB/Core/AVR8/USBInterrupt_AVR8.o
                                                  obj_gh60_lufa/protocol/lufa/LUFA-git/LUFA/Drivers/USB/Core/AVR8/USBController_AVR8.o
                                                  obj_gh60_lufa/protocol/lufa/lufa.o
Endpoint_Discard_Stream                           obj_gh60_lufa/protocol/lufa/LUFA-git/LUFA/Drivers/USB/Core/AVR8/EndpointStream_AVR8.o
Endpoint_Null_Stream                              obj_gh60_lufa/protocol/lufa/LUFA-git/LUFA/Drivers/USB/Core/AVR8/EndpointStream_AVR8.o
Endpoint_Read_Control_EStream_BE                  obj_gh60_lufa/protocol/lufa/LUFA-git/LUFA/Drivers/USB/Core/AVR8/EndpointStream_AVR8.o
Endpoint_Read_Control_EStream_LE                  obj_gh60_lufa/protocol/lufa/LUFA-git/LUFA/Drivers/USB/Core/AVR8/EndpointStream_AVR8.o
Endpoint_Read_Control_Stream_BE                   obj_gh60_lufa/protocol/lufa/LUFA-git/LUFA/Drivers/USB/Core/AVR8/EndpointStream_AVR8.o
Endpoint_Read_Control_Stream_LE                   obj_gh60_lufa/protocol/lufa/LUFA-git/LUFA/Drivers/USB/Core/AVR8/EndpointStream_AVR8.o
Endpoint_Read_EStream_BE                          obj_gh60_lufa/protocol/lufa/LUFA-git/LUFA/Drivers/USB/Core/AVR8/EndpointStream_AVR8.o
Endpoint_Read_EStream_LE                          obj_gh60_lufa/protocol/lufa/LUFA-git/LUFA/Drivers/USB/Core/AVR8/EndpointStream_AVR8.o
Endpoint_Read_Stream_BE                           obj_gh60_lufa/protocol/lufa/LUFA-git/LUFA/Drivers/USB/Core/AVR8/EndpointStream_AVR8.o
Endpoint_Read_Stream_LE                           obj_gh60_lufa/protocol/lufa/LUFA-git/LUFA/Drivers/USB/Core/AVR8/EndpointStream_AVR8.o
Endpoint_WaitUntilReady                           obj_gh60_lufa/protocol/lufa/LUFA-git/LUFA/Drivers/USB/Core/AVR8/Endpoint_AVR8.o
                                                  obj_gh60_lufa/protocol/lufa/LUFA-git/LUFA/Drivers/USB/Core/AVR8/EndpointStream_AVR8.o
Endpoint_Write_Control_EStream_BE                 obj_gh60_lufa/protocol/lufa/LUFA-git/LUFA/Drivers/USB/Core/AVR8/EndpointStream_AVR8.o
Endpoint_Write_Control_EStream_LE                 obj_gh60_lufa/protocol/lufa/LUFA-git/LUFA/Drivers/USB/Core/AVR8/EndpointStream_AVR8.o
Endpoint_Write_Control_PStream_BE                 obj_gh60_lufa/protocol/lufa/LUFA-git/LUFA/Drivers/USB/Core/AVR8/EndpointStream_AVR8.o
Endpoint_Write_Control_PStream_LE                 obj_gh60_lufa/protocol/lufa/LUFA-git/LUFA/Drivers/USB/Core/AVR8/EndpointStream_AVR8.o
                                                  obj_gh60_lufa/protocol/lufa/LUFA-git/LUFA/Drivers/USB/Core/DeviceStandardReq.o
Endpoint_Write_Control_Stream_BE                  obj_gh60_lufa/protocol/lufa/LUFA-git/LUFA/Drivers/USB/Core/AVR8/EndpointStream_AVR8.o
Endpoint_Write_Control_Stream_LE                  obj_gh60_lufa/protocol/lufa/LUFA-git/LUFA/Drivers/USB/Core/AVR8/EndpointStream_AVR8.o
                                                  obj_gh60_lufa/protocol/lufa/LUFA-git/LUFA/Drivers/USB/Core/DeviceStandardReq.o
                                                  obj_gh60_lufa/protocol/lufa/lufa.o
Endpoint_Write_EStream_BE                         obj_gh60_lufa/protocol/lufa/LUFA-git/LUFA/Drivers/USB/Core/AVR8/EndpointStream_AVR8.o
Endpoint_Write_EStream_LE                         obj_gh60_lufa/protocol/lufa/LUFA-git/LUFA/Drivers/USB/Core/AVR8/EndpointStream_AVR8.o
Endpoint_Write_PStream_BE                         obj_gh60_lufa/protocol/lufa/LUFA-git/LUFA/Drivers/USB/Core/AVR8/EndpointStream_AVR8.o
Endpoint_Write_PStream_LE                         obj_gh60_lufa/protocol/lufa/LUFA-git/LUFA/Drivers/USB/Core/AVR8/EndpointStream_AVR8.o
Endpoint_Write_Stream_BE                          obj_gh60_lufa/protocol/lufa/LUFA-git/LUFA/Drivers/USB/Core/AVR8/EndpointStream_AVR8.o
Endpoint_Write_Stream_LE                          obj_gh60_lufa/protocol/lufa/LUFA-git/LUFA/Drivers/USB/Core/AVR8/EndpointStream_AVR8.o
                                                  obj_gh60_lufa/protocol/lufa/lufa.o
ExtrakeyReport                                    obj_gh60_lufa/protocol/lufa/descriptor.o
KeyboardReport                                    obj_gh60_lufa/protocol/lufa/descriptor.o
LanguageString                                    obj_gh60_lufa/protocol/lufa/descriptor.o
ManufacturerString                                obj_gh60_lufa/protocol/lufa/descriptor.o
MouseReport                                       obj_gh60_lufa/protocol/lufa/descriptor.o
NKROReport                                        obj_gh60_lufa/protocol/lufa/descriptor.o
ProductString                                     obj_gh60_lufa/protocol/lufa/descriptor.o
USB_ControlRequest                                obj_gh60_lufa/protocol/lufa/LUFA-git/LUFA/Drivers/USB/Core/USBTask.o
                                                  obj_gh60_lufa/protocol/lufa/LUFA-git/LUFA/Drivers/USB/Core/DeviceStandardReq.o
                                                  obj_gh60_lufa/protocol/lufa/LUFA-git/LUFA/Drivers/USB/Core/AVR8/Endpoint_AVR8.o
                                                  obj_gh60_lufa/protocol/lufa/LUFA-git/LUFA/Drivers/USB/Core/AVR8/EndpointStream_AVR8.o
                                                  obj_gh60_lufa/protocol/lufa/lufa.o
USB_DeviceState                                   obj_gh60_lufa/common/avr/suspend.o
                                                  obj_gh60_lufa/protocol/lufa/LUFA-git/LUFA/Drivers/USB/Core/USBTask.o
                                                  obj_gh60_lufa/protocol/lufa/LUFA-git/LUFA/Drivers/USB/Core/DeviceStandardReq.o
                                                  obj_gh60_lufa/protocol/lufa/LUFA-git/LUFA/Drivers/USB/Core/AVR8/USBInterrupt_AVR8.o
                                                  obj_gh60_lufa/protocol/lufa/LUFA-git/LUFA/Drivers/USB/Core/AVR8/USBController_AVR8.o
                                                  obj_gh60_lufa/protocol/lufa/LUFA-git/LUFA/Drivers/USB/Core/AVR8/Endpoint_AVR8.o
                                                  obj_gh60_lufa/protocol/lufa/LUFA-git/LUFA/Drivers/USB/Core/AVR8/EndpointStream_AVR8.o
                                                  obj_gh60_lufa/protocol/lufa/lufa.o
USB_Device_ConfigurationNumber                    obj_gh60_lufa/protocol/lufa/LUFA-git/LUFA/Drivers/USB/Core/DeviceStandardReq.o
                                                  obj_gh60_lufa/protocol/lufa/LUFA-git/LUFA/Drivers/USB/Core/AVR8/USBInterrupt_AVR8.o
                                                  obj_gh60_lufa/protocol/lufa/LUFA-git/LUFA/Drivers/USB/Core/AVR8/USBController_AVR8.o
USB_Device_CurrentlySelfPowered                   obj_gh60_lufa/protocol/lufa/LUFA-git/LUFA/Drivers/USB/Core/DeviceStandardReq.o
                                                  obj_gh60_lufa/protocol/lufa/LUFA-git/LUFA/Drivers/USB/Core/AVR8/USBController_AVR8.o
USB_Device_ProcessControlRequest                  obj_gh60_lufa/protocol/lufa/LUFA-git/LUFA/Drivers/USB/Core/DeviceStandardReq.o
                                                  obj_gh60_lufa/protocol/lufa/LUFA-git/LUFA/Drivers/USB/Core/USBTask.o
                                                  obj_gh60_lufa/protocol/lufa/LUFA-git/LUFA/Drivers/USB/Core/AVR8/USBInterrupt_AVR8.o
USB_Device_RemoteWakeupEnabled                    obj_gh60_lufa/protocol/lufa/LUFA-git/LUFA/Drivers/USB/Core/DeviceStandardReq.o
                                                  obj_gh60_lufa/protocol/lufa/LUFA-git/LUFA/Drivers/USB/Core/AVR8/USBController_AVR8.o
                                                  obj_gh60_lufa/protocol/lufa/lufa.o
USB_Device_SendRemoteWakeup                       obj_gh60_lufa/protocol/lufa/LUFA-git/LUFA/Drivers/USB/Core/AVR8/Device_AVR8.o
                                                  obj_gh60_lufa/protocol/lufa/lufa.o
USB_Disable                                       obj_gh60_lufa/protocol/lufa/LUFA-git/LUFA/Drivers/USB/Core/AVR8/USBController_AVR8.o
                                                  obj_gh60_lufa/common/avr/bootloader.o
                                                  obj_gh60_lufa/protocol/lufa/lufa.o
USB_Event_Stub                                    obj_gh60_lufa/protocol/lufa/LUFA-git/LUFA/Drivers/USB/Core/Events.o
USB_GetHIDReportItemInfo                          obj_gh60_lufa/protocol/lufa/LUFA-git/LUFA/Drivers/USB/Class/Common/HIDParser.o
USB_GetHIDReportSize                              obj_gh60_lufa/protocol/lufa/LUFA-git/LUFA/Drivers/USB/Class/Common/HIDParser.o
USB_GetNextDescriptorComp                         obj_gh60_lufa/protocol/lufa/LUFA-git/LUFA/Drivers/USB/Core/ConfigDescriptors.o
USB_GetNextDescriptorOfType                       obj_gh60_lufa/protocol/lufa/LUFA-git/LUFA/Drivers/USB/Core/ConfigDescriptors.o
USB_GetNextDescriptorOfTypeAfter                  obj_gh60_lufa/protocol/lufa/LUFA-git/LUFA/Drivers/USB/Core/ConfigDescriptors.o
USB_GetNextDescriptorOfTypeBefore                 obj_gh60_lufa/protocol/lufa/LUFA-git/LUFA/Drivers/USB/Core/ConfigDescriptors.o
USB_INT_ClearAllInterrupts                        obj_gh60_lufa/protocol/lufa/LUFA-git/LUFA/Drivers/USB/Core/AVR8/USBInterrupt_AVR8.o
                                                  obj_gh60_lufa/protocol/lufa/LUFA-git/LUFA/Drivers/USB/Core/AVR8/USBController_AVR8.o
USB_INT_DisableAllInterrupts                      obj_gh60_lufa/protocol/lufa/LUFA-git/LUFA/Drivers/USB/Core/AVR8/USBInterrupt_AVR8.o
                                                  obj_gh60_lufa/protocol/lufa/LUFA-git/LUFA/Drivers/USB/Core/AVR8/USBController_AVR8.o
USB_Init                                          obj_gh60_lufa/protocol/lufa/LUFA-git/LUFA/Drivers/USB/Core/AVR8/USBController_AVR8.o
                                                  obj_gh60_lufa/protocol/lufa/lufa.o
USB_IsInitialized                                 obj_gh60_lufa/protocol/lufa/LUFA-git/LUFA/Drivers/USB/Core/USBTask.o
                                                  obj_gh60_lufa/protocol/lufa/LUFA-git/LUFA/Drivers/USB/Core/AVR8/USBController_AVR8.o
                                                  obj_gh60_lufa/protocol/lufa/lufa.o
USB_ProcessHIDReport                              obj_gh60_lufa/protocol/lufa/LUFA-git/LUFA/Drivers/USB/Class/Common/HIDParser.o
USB_ResetInterface                                obj_gh60_lufa/protocol/lufa/LUFA-git/LUFA/Drivers/USB/Core/AVR8/USBController_AVR8.o
USB_SetHIDReportItemInfo                          obj_gh60_lufa/protocol/lufa/LUFA-git/LUFA/Drivers/USB/Class/Common/HIDParser.o
USB_USBTask                                       obj_gh60_lufa/protocol/lufa/LUFA-git/LUFA/Drivers/USB/Core/USBTask.o
__bad_interrupt                                   c:/winavr-20100110/bin/../lib/gcc/avr/4.3.3/../../../../avr/lib/avr5/crtm32u4.o
__bss_end                                         c:/winavr-20100110/bin/../lib/gcc/avr/4.3.3/avr5\libgcc.a(_clear_bss.o)
__bss_start                                       c:/winavr-20100110/bin/../lib/gcc/avr/4.3.3/avr5\libgcc.a(_clear_bss.o)
__data_end                                        c:/winavr-20100110/bin/../lib/gcc/avr/4.3.3/avr5\libgcc.a(_copy_data.o)
__data_load_start                                 c:/winavr-20100110/bin/../lib/gcc/avr/4.3.3/avr5\libgcc.a(_copy_data.o)
__data_start                                      c:/winavr-20100110/bin/../lib/gcc/avr/4.3.3/avr5\libgcc.a(_copy_data.o)
__divmodhi4                                       c:/winavr-20100110/bin/../lib/gcc/avr/4.3.3/avr5\libgcc.a(_divmodhi4.o)
                                                  obj_gh60_lufa/common/mousekey.o
__do_clear_bss                                    c:/winavr-20100110/bin/../lib/gcc/avr/4.3.3/avr5\libgcc.a(_clear_bss.o)
                                                  obj_gh60_lufa/common/command.o
                                                  obj_gh60_lufa/common/mousekey.o
                                                  obj_gh60_lufa/common/bootmagic.o
                                                  obj_gh60_lufa/common/avr/timer.o
                                                  obj_gh60_lufa/common/avr/suspend.o
                                                  obj_gh60_lufa/common/debug.o
                                                  obj_gh60_lufa/common/keymap.o
                                                  obj_gh60_lufa/common/action_util.o
                                                  obj_gh60_lufa/common/action_layer.o
                                                  obj_gh60_lufa/common/action_tapping.o
                                                  obj_gh60_lufa/common/keyboard.o
                                                  obj_gh60_lufa/common/host.o
                                                  obj_gh60_lufa/protocol/lufa/LUFA-git/LUFA/Drivers/USB/Core/USBTask.o
                                                  obj_gh60_lufa/protocol/lufa/LUFA-git/LUFA/Drivers/USB/Core/DeviceStandardReq.o
                                                  obj_gh60_lufa/protocol/lufa/lufa.o
                                                  obj_gh60_lufa/matrix.o
                                                  obj_gh60_lufa/keymap_common.o
                                                  obj_gh60_lufa/keymap_poker.o
__do_copy_data                                    c:/winavr-20100110/bin/../lib/gcc/avr/4.3.3/avr5\libgcc.a(_copy_data.o)
                                                  obj_gh60_lufa/common/mousekey.o
                                                  obj_gh60_lufa/common/action_util.o
                                                  obj_gh60_lufa/common/host.o
                                                  obj_gh60_lufa/protocol/lufa/lufa.o
                                                  obj_gh60_lufa/matrix.o
__eerd_block_m32u4                                c:/winavr-20100110/bin/../lib/gcc/avr/4.3.3/../../../../avr/lib/avr5\libc.a(eerd_block_atmega32u4.o)
__eerd_blraw_m32u4                                c:/winavr-20100110/bin/../lib/gcc/avr/4.3.3/../../../../avr/lib/avr5\libc.a(eerd_block_atmega32u4.o)
                                                  c:/winavr-20100110/bin/../lib/gcc/avr/4.3.3/../../../../avr/lib/avr5\libc.a(eerd_word_atmega32u4.o)
__eerd_byte_m32u4                                 c:/winavr-20100110/bin/../lib/gcc/avr/4.3.3/../../../../avr/lib/avr5\libc.a(eerd_byte_atmega32u4.o)
                                                  obj_gh60_lufa/common/avr/eeconfig.o
                                                  obj_gh60_lufa/protocol/lufa/LUFA-git/LUFA/Drivers/USB/Core/AVR8/EndpointStream_AVR8.o
__eerd_word_m32u4                                 c:/winavr-20100110/bin/../lib/gcc/avr/4.3.3/../../../../avr/lib/avr5\libc.a(eerd_word_atmega32u4.o)
                                                  obj_gh60_lufa/common/avr/eeconfig.o
__eeupd_byte_m32u4                                c:/winavr-20100110/bin/../lib/gcc/avr/4.3.3/../../../../avr/lib/avr5\libc.a(eeupd_byte_atmega32u4.o)
                                                  obj_gh60_lufa/protocol/lufa/LUFA-git/LUFA/Drivers/USB/Core/AVR8/EndpointStream_AVR8.o
__eeupd_r18_m32u4                                 c:/winavr-20100110/bin/../lib/gcc/avr/4.3.3/../../../../avr/lib/avr5\libc.a(eeupd_byte_atmega32u4.o)
__eewr_byte_m32u4                                 c:/winavr-20100110/bin/../lib/gcc/avr/4.3.3/../../../../avr/lib/avr5\libc.a(eewr_byte_atmega32u4.o)
                                                  c:/winavr-20100110/bin/../lib/gcc/avr/4.3.3/../../../../avr/lib/avr5\libc.a(eewr_word_atmega32u4.o)
                                                  obj_gh60_lufa/common/avr/eeconfig.o
__eewr_r18_m32u4                                  c:/winavr-20100110/bin/../lib/gcc/avr/4.3.3/../../../../avr/lib/avr5\libc.a(eewr_byte_atmega32u4.o)
                                                  c:/winavr-20100110/bin/../lib/gcc/avr/4.3.3/../../../../avr/lib/avr5\libc.a(eewr_word_atmega32u4.o)
__eewr_word_m32u4                                 c:/winavr-20100110/bin/../lib/gcc/avr/4.3.3/../../../../avr/lib/avr5\libc.a(eewr_word_atmega32u4.o)
                                                  obj_gh60_lufa/common/avr/eeconfig.o
__fixsfsi                                         c:/winavr-20100110/bin/../lib/gcc/avr/4.3.3/../../../../avr/lib/avr5\libm.a(fixsfsi.o)
                                                  obj_gh60_lufa/common/mousekey.o
__fixunssfsi                                      c:/winavr-20100110/bin/../lib/gcc/avr/4.3.3/../../../../avr/lib/avr5\libm.a(fixunssfsi.o)
                                                  c:/winavr-20100110/bin/../lib/gcc/avr/4.3.3/../../../../avr/lib/avr5\libm.a(fixsfsi.o)
__floatsisf                                       c:/winavr-20100110/bin/../lib/gcc/avr/4.3.3/../../../../avr/lib/avr5\libm.a(floatsisf.o)
                                                  obj_gh60_lufa/common/mousekey.o
__floatunsisf                                     c:/winavr-20100110/bin/../lib/gcc/avr/4.3.3/../../../../avr/lib/avr5\libm.a(floatsisf.o)
__fp_inf                                          c:/winavr-20100110/bin/../lib/gcc/avr/4.3.3/../../../../avr/lib/avr5\libm.a(fp_inf.o)
                                                  c:/winavr-20100110/bin/../lib/gcc/avr/4.3.3/../../../../avr/lib/avr5\libm.a(mulsf3x.o)
__fp_nan                                          c:/winavr-20100110/bin/../lib/gcc/avr/4.3.3/../../../../avr/lib/avr5\libm.a(fp_nan.o)