   1               		.file	"keymap_common.c"
   2               	__SREG__ = 0x3f
   3               	__SP_H__ = 0x3e
   4               	__SP_L__ = 0x3d
   5               	__CCP__  = 0x34
   6               	__tmp_reg__ = 0
   7               	__zero_reg__ = 1
  15               	.Ltext0:
  16               		.section	.text.keymap_key_to_keycode,"ax",@progbits
  17               	.global	keymap_key_to_keycode
  19               	keymap_key_to_keycode:
  20               	.LFB5:
  21               	.LSM0:
  22               	.LVL0:
  23               	/* prologue: function */
  24               	/* frame size = 0 */
  25               	.LBB2:
  26               	.LSM1:
  27 0000 97E0      		ldi r25,lo8(7)
  28 0002 799F      		mul r23,r25
  29 0004 F001      		movw r30,r0
  30 0006 1124      		clr r1
  31               	.LVL1:
  32 0008 E60F      		add r30,r22
  33 000a F11D      		adc r31,__zero_reg__
  34 000c 9AE2      		ldi r25,lo8(42)
  35 000e 899F      		mul r24,r25
  36 0010 C001      		movw r24,r0
  37 0012 1124      		clr r1
  38               	.LVL2:
  39 0014 E80F      		add r30,r24
  40 0016 F91F      		adc r31,r25
  41 0018 E050      		subi r30,lo8(-(keymaps))
  42 001a F040      		sbci r31,hi8(-(keymaps))
  43               	/* #APP */
  44               	 ;  24 "keymap_common.c" 1
  45 001c E491      		lpm r30, Z
  46               		
  47               	 ;  0 "" 2
  48               	.LVL3:
  49               	/* #NOAPP */
  50               	.LBE2:
  51               	.LSM2:
  52 001e 8E2F      		mov r24,r30
  53               	/* epilogue start */
  54 0020 0895      		ret
  55               	.LFE5:
  57               		.section	.text.keymap_fn_to_action,"ax",@progbits
  58               	.global	keymap_fn_to_action
  60               	keymap_fn_to_action:
  61               	.LFB6:
  62               	.LSM3:
  63               	.LVL4:
  64 0000 1F93      		push r17
  65               	/* prologue: function */
  66               	/* frame size = 0 */
  67 0002 182F      		mov r17,r24
  68               	.LSM4:
  69 0004 803C      		cpi r24,lo8(-64)
  70 0006 01F4      		brne .L4
  71               	.LSM5:
  72 0008 80E2      		ldi r24,lo8(32)
  73               	.LVL5:
  74 000a 0E94 0000 		call led_toggle
  75               	.LVL6:
  76               	.L4:
  77               	.LBB3:
  78               	.LSM6:
  79 000e E12F      		mov r30,r17
  80               	.LVL7:
  81 0010 F0E0      		ldi r31,lo8(0)
  82               	.LVL8:
  83 0012 EE0F      		lsl r30
  84 0014 FF1F      		rol r31
  85               	.LVL9:
  86 0016 E050      		subi r30,lo8(-(fn_actions-384))
  87 0018 F040      		sbci r31,hi8(-(fn_actions-384))
  88               	/* #APP */
  89               	 ;  33 "keymap_common.c" 1
  90 001a 2591      		lpm r18, Z+
  91 001c 3491      		lpm r19, Z
  92               		
  93               	 ;  0 "" 2
  94               	.LVL10:
  95               	/* #NOAPP */
  96               	.LBE3:
  97               	.LSM7:
  98 001e C901      		movw r24,r18
  99               	.LVL11:
 100               	/* epilogue start */
 101 0020 1F91      		pop r17
 102               	.LVL12:
 103 0022 0895      		ret
 104               	.LFE6:
 138               	.Letext0:
DEFINED SYMBOLS
                            *ABS*:00000000 keymap_common.c
C:\Users\User\AppData\Local\Temp/ccipQnZY.s:2      *ABS*:0000003f __SREG__
C:\Users\User\AppData\Local\Temp/ccipQnZY.s:3      *ABS*:0000003e __SP_H__
C:\Users\User\AppData\Local\Temp/ccipQnZY.s:4      *ABS*:0000003d __SP_L__
C:\Users\User\AppData\Local\Temp/ccipQnZY.s:5      *ABS*:00000034 __CCP__
C:\Users\User\AppData\Local\Temp/ccipQnZY.s:6      *ABS*:00000000 __tmp_reg__
C:\Users\User\AppData\Local\Temp/ccipQnZY.s:7      *ABS*:00000001 __zero_reg__
C:\Users\User\AppData\Local\Temp/ccipQnZY.s:19     .text.keymap_key_to_keycode:00000000 keymap_key_to_keycode
C:\Users\User\AppData\Local\Temp/ccipQnZY.s:60     .text.keymap_fn_to_action:00000000 keymap_fn_to_action

UNDEFINED SYMBOLS
keymaps
led_toggle
fn_actions
