   1               		.file	"led.c"
   2               	__SREG__ = 0x3f
   3               	__SP_H__ = 0x3e
   4               	__SP_L__ = 0x3d
   5               	__CCP__  = 0x34
   6               	__tmp_reg__ = 0
   7               	__zero_reg__ = 1
  15               	.Ltext0:
  16               		.section	.text.led_set,"ax",@progbits
  17               	.global	led_set
  19               	led_set:
  20               	.LFB2:
  21               	.LSM0:
  22               	.LVL0:
  23               	/* prologue: function */
  24               	/* frame size = 0 */
  25               	.LSM1:
  26 0000 81FF      		sbrs r24,1
  27 0002 00C0      		rjmp .L2
  28               	.LVL1:
  29               	.LSM2:
  30 0004 3F98      		cbi 39-32,7
  31               	.LSM3:
  32 0006 479A      		sbi 40-32,7
  33 0008 0895      		ret
  34               	.L2:
  35               	.LSM4:
  36 000a 85FF      		sbrs r24,5
  37 000c 00C0      		rjmp .L4
  38               	.LSM5:
  39 000e 3E98      		cbi 39-32,6
  40               	.LSM6:
  41 0010 469A      		sbi 40-32,6
  42 0012 0895      		ret
  43               	.L4:
  44               	.LSM7:
  45 0014 86FF      		sbrs r24,6
  46 0016 00C0      		rjmp .L5
  47               	.LSM8:
  48 0018 5398      		cbi 42-32,3
  49               	.LSM9:
  50 001a 5B9A      		sbi 43-32,3
  51 001c 0895      		ret
  52               	.L5:
  53               	.LSM10:
  54 001e 3F98      		cbi 39-32,7
  55               	.LSM11:
  56 0020 4798      		cbi 40-32,7
  57               	.LSM12:
  58 0022 3E98      		cbi 39-32,6
  59               	.LSM13:
  60 0024 4698      		cbi 40-32,6
  61               	.LSM14:
  62 0026 5398      		cbi 42-32,3
  63               	.LSM15:
  64 0028 5B98      		cbi 43-32,3
  65 002a 0895      		ret
  66               	.LFE2:
  68               		.section	.text.led_toggle,"ax",@progbits
  69               	.global	led_toggle
  71               	led_toggle:
  72               	.LFB3:
  73               	.LSM16:
  74               	.LVL2:
  75               	/* prologue: function */
  76               	/* frame size = 0 */
  77               	.LSM17:
  78 0000 85FF      		sbrs r24,5
  79 0002 00C0      		rjmp .L9
  80               	.LSM18:
  81 0004 8BB1      		in r24,43-32
  82               	.LVL3:
  83 0006 90E4      		ldi r25,lo8(64)
  84 0008 8927      		eor r24,r25
  85 000a 8BB9      		out 43-32,r24
  86               	.LVL4:
  87               	.L9:
  88 000c 0895      		ret
  89               	.LFE3:
  91               		.section	.text.led_init,"ax",@progbits
  92               	.global	led_init
  94               	led_init:
  95               	.LFB4:
  96               	.LSM19:
  97               	/* prologue: function */
  98               	/* frame size = 0 */
  99               	.LSM20:
 100 0000 549A      		sbi 42-32,4
 101               	.LSM21:
 102 0002 82E3      		ldi r24,lo8(50)
 103 0004 8093 0000 		sts led+1,r24
 104 0008 E0E0      		ldi r30,lo8(led+1)
 105 000a F0E0      		ldi r31,hi8(led+1)
 106 000c 1292      		st -Z,__zero_reg__
 107 000e 1092 0000 		sts led+2,__zero_reg__
 108               	.LSM22:
 109 0012 CF01      		movw r24,r30
 110 0014 61E0      		ldi r22,lo8(1)
 111 0016 70E0      		ldi r23,hi8(1)
 112 0018 0E94 0000 		call ws2812_setleds
 113               	/* epilogue start */
 114               	.LSM23:
 115 001c 0895      		ret
 116               	.LFE4:
 118               		.comm led,3,1
 159               	.Letext0:
DEFINED SYMBOLS
                            *ABS*:00000000 led.c
C:\Users\User\AppData\Local\Temp/cczffiif.s:2      *ABS*:0000003f __SREG__
C:\Users\User\AppData\Local\Temp/cczffiif.s:3      *ABS*:0000003e __SP_H__
C:\Users\User\AppData\Local\Temp/cczffiif.s:4      *ABS*:0000003d __SP_L__
C:\Users\User\AppData\Local\Temp/cczffiif.s:5      *ABS*:00000034 __CCP__
C:\Users\User\AppData\Local\Temp/cczffiif.s:6      *ABS*:00000000 __tmp_reg__
C:\Users\User\AppData\Local\Temp/cczffiif.s:7      *ABS*:00000001 __zero_reg__
C:\Users\User\AppData\Local\Temp/cczffiif.s:19     .text.led_set:00000000 led_set
C:\Users\User\AppData\Local\Temp/cczffiif.s:71     .text.led_toggle:00000000 led_toggle
C:\Users\User\AppData\Local\Temp/cczffiif.s:94     .text.led_init:00000000 led_init
                            *COM*:00000003 led

UNDEFINED SYMBOLS
ws2812_setleds
__do_clear_bss
